Archive member included to satisfy reference by file (symbol)

../DaisyExamples/libDaisy//build/libdaisy.a(daisy_pod.o)
                              build/fxDaisySynth.o (daisy::DaisyPod::StartAudio(void (*)(float const*, float*, unsigned int)))
../DaisyExamples/libDaisy//build/libdaisy.a(daisy_seed.o)
                              ../DaisyExamples/libDaisy//build/libdaisy.a(daisy_pod.o) (daisy::DaisySeed::Configure())
../DaisyExamples/libDaisy//build/libdaisy.a(codec_ak4556.o)
                              ../DaisyExamples/libDaisy//build/libdaisy.a(daisy_seed.o) (daisy::Ak4556::Init(dsy_gpio_pin))
../DaisyExamples/libDaisy//build/libdaisy.a(codec_wm8731.o)
                              ../DaisyExamples/libDaisy//build/libdaisy.a(daisy_seed.o) (daisy::Wm8731::Init(daisy::Wm8731::Config const&, daisy::I2CHandle))
../DaisyExamples/libDaisy//build/libdaisy.a(sdram.o)
                              ../DaisyExamples/libDaisy//build/libdaisy.a(daisy_seed.o) (SdramHandle::Init())
../DaisyExamples/libDaisy//build/libdaisy.a(audio.o)
                              ../DaisyExamples/libDaisy//build/libdaisy.a(daisy_seed.o) (daisy::AudioHandle::Init(daisy::AudioHandle::Config const&, daisy::SaiHandle))
../DaisyExamples/libDaisy//build/libdaisy.a(ctrl.o)
                              ../DaisyExamples/libDaisy//build/libdaisy.a(daisy_pod.o) (daisy::AnalogControl::Init(unsigned short*, float, bool, bool, float))
../DaisyExamples/libDaisy//build/libdaisy.a(encoder.o)
                              ../DaisyExamples/libDaisy//build/libdaisy.a(daisy_pod.o) (daisy::Encoder::Init(dsy_gpio_pin, dsy_gpio_pin, dsy_gpio_pin, float))
../DaisyExamples/libDaisy//build/libdaisy.a(midi.o)
                              build/fxDaisySynth.o (daisy::MidiUartTransport::Config::Config())
../DaisyExamples/libDaisy//build/libdaisy.a(midi_parser.o)
                              build/fxDaisySynth.o (daisy::MidiParser::Parse(unsigned char, daisy::MidiEvent*))
../DaisyExamples/libDaisy//build/libdaisy.a(parameter.o)
                              build/fxDaisySynth.o (daisy::Parameter::Init(daisy::AnalogControl, float, float, daisy::Parameter::Curve))
../DaisyExamples/libDaisy//build/libdaisy.a(rgb_led.o)
                              ../DaisyExamples/libDaisy//build/libdaisy.a(daisy_pod.o) (daisy::RgbLed::Init(dsy_gpio_pin, dsy_gpio_pin, dsy_gpio_pin, bool))
../DaisyExamples/libDaisy//build/libdaisy.a(switch.o)
                              ../DaisyExamples/libDaisy//build/libdaisy.a(daisy_pod.o) (daisy::Switch::Init(dsy_gpio_pin, float))
../DaisyExamples/libDaisy//build/libdaisy.a(usb.o)
                              build/fxDaisySynth.o (daisy::UsbHandle::TransmitInternal(unsigned char*, unsigned int))
../DaisyExamples/libDaisy//build/libdaisy.a(usb_midi.o)
                              build/fxDaisySynth.o (daisy::MidiUsbTransport::Init(daisy::MidiUsbTransport::Config))
../DaisyExamples/libDaisy//build/libdaisy.a(adc.o)
                              ../DaisyExamples/libDaisy//build/libdaisy.a(daisy_pod.o) (daisy::AdcChannelConfig::InitSingle(dsy_gpio_pin, daisy::AdcChannelConfig::ConversionSpeed))
../DaisyExamples/libDaisy//build/libdaisy.a(gpio.o)
                              ../DaisyExamples/libDaisy//build/libdaisy.a(daisy_seed.o) (daisy::GPIO::Init(daisy::Pin, daisy::GPIO::Mode, daisy::GPIO::Pull, daisy::GPIO::Speed))
../DaisyExamples/libDaisy//build/libdaisy.a(i2c.o)
                              ../DaisyExamples/libDaisy//build/libdaisy.a(daisy_seed.o) (daisy::I2CHandle::Init(daisy::I2CHandle::Config const&))
../DaisyExamples/libDaisy//build/libdaisy.a(qspi.o)
                              ../DaisyExamples/libDaisy//build/libdaisy.a(daisy_seed.o) (daisy::QSPIHandle::Init(daisy::QSPIHandle::Config const&))
../DaisyExamples/libDaisy//build/libdaisy.a(sai.o)
                              ../DaisyExamples/libDaisy//build/libdaisy.a(daisy_seed.o) (daisy::SaiHandle::Init(daisy::SaiHandle::Config const&))
../DaisyExamples/libDaisy//build/libdaisy.a(uart.o)
                              ../DaisyExamples/libDaisy//build/libdaisy.a(daisy_pod.o) (daisy::UartHandler::Init(daisy::UartHandler::Config const&))
../DaisyExamples/libDaisy//build/libdaisy.a(dma.o)
                              ../DaisyExamples/libDaisy//build/libdaisy.a(uart.o) (dsy_dma_invalidate_cache_for_buffer)
../DaisyExamples/libDaisy//build/libdaisy.a(system.o)
                              ../DaisyExamples/libDaisy//build/libdaisy.a(daisy_seed.o) (daisy::System::DeInit())
../DaisyExamples/libDaisy//build/libdaisy.a(system_stm32h7xx.o)
                              build/startup_stm32h750xx.o (SystemInit)
../DaisyExamples/libDaisy//build/libdaisy.a(usbd_cdc_if.o)
                              ../DaisyExamples/libDaisy//build/libdaisy.a(usb.o) (CDC_Transmit_FS)
../DaisyExamples/libDaisy//build/libdaisy.a(usbd_conf.o)
                              ../DaisyExamples/libDaisy//build/libdaisy.a(system.o) (hpcd_USB_OTG_HS)
../DaisyExamples/libDaisy//build/libdaisy.a(usbd_desc.o)
[...]
Memory Configuration

Name             Origin             Length             Attributes
FLASH            0x0000000008000000 0x0000000000020000 xr
DTCMRAM          0x0000000020000000 0x0000000000020000 xrw
SRAM             0x0000000024000000 0x0000000000080000 xrw
RAM_D2           0x0000000030000000 0x0000000000048000 xrw
RAM_D3           0x0000000038000000 0x0000000000010000 xrw
BACKUP_SRAM      0x0000000038800000 0x0000000000001000 xrw
ITCMRAM          0x0000000000000000 0x0000000000010000 xrw
SDRAM            0x00000000c0000000 0x0000000004000000 xrw
QSPIFLASH        0x0000000090000000 0x0000000000800000 xr
*default*        0x0000000000000000 0xffffffffffffffff

Linker script and memory map

LOAD /home/francoix/dev/gcc-arm-none-eabi-10-2020-q4-major/bin/../lib/gcc/arm-none-eabi/10.2.1/thumb/v7e-m+dp/hard/crti.o
LOAD /home/francoix/dev/gcc-arm-none-eabi-10-2020-q4-major/bin/../lib/gcc/arm-none-eabi/10.2.1/thumb/v7e-m+dp/hard/crtbegin.o
LOAD /home/francoix/dev/gcc-arm-none-eabi-10-2020-q4-major/bin/../lib/gcc/arm-none-eabi/10.2.1/../../../../arm-none-eabi/lib/thumb/v7e-m+dp/hard/crt0.o
LOAD build/startup_stm32h750xx.o
LOAD build/fxDaisySynth.o
LOAD ../DaisyExamples/libDaisy//build/libdaisy.a
LOAD /home/francoix/dev/gcc-arm-none-eabi-10-2020-q4-major/bin/../lib/gcc/arm-none-eabi/10.2.1/../../../../arm-none-eabi/lib/thumb/v7e-m+dp/hard/libnosys.a
LOAD ../DaisyExamples/DaisySP//build/libdaisysp.a
LOAD ../DaisyExamples/DaisySP//DaisySP-LGPL/build/libdaisysp-lgpl.a
LOAD /home/francoix/dev/gcc-arm-none-eabi-10-2020-q4-major/bin/../lib/gcc/arm-none-eabi/10.2.1/../../../../arm-none-eabi/lib/thumb/v7e-m+dp/hard/libstdc++_nano.a
LOAD /home/francoix/dev/gcc-arm-none-eabi-10-2020-q4-major/bin/../lib/gcc/arm-none-eabi/10.2.1/../../../../arm-none-eabi/lib/thumb/v7e-m+dp/hard/libm.a
LOAD /home/francoix/dev/gcc-arm-none-eabi-10-2020-q4-major/bin/../lib/gcc/arm-none-eabi/10.2.1/../../../../arm-none-eabi/lib/thumb/v7e-m+dp/hard/libc_nano.a
START GROUP
LOAD /home/francoix/dev/gcc-arm-none-eabi-10-2020-q4-major/bin/../lib/gcc/arm-none-eabi/10.2.1/thumb/v7e-m+dp/hard/libgcc.a
LOAD /home/francoix/dev/gcc-arm-none-eabi-10-2020-q4-major/bin/../lib/gcc/arm-none-eabi/10.2.1/../../../../arm-none-eabi/lib/thumb/v7e-m+dp/hard/libc_nano.a
END GROUP
START GROUP
LOAD /home/francoix/dev/gcc-arm-none-eabi-10-2020-q4-major/bin/../lib/gcc/arm-none-eabi/10.2.1/thumb/v7e-m+dp/hard/libgcc.a
LOAD /home/francoix/dev/gcc-arm-none-eabi-10-2020-q4-major/bin/../lib/gcc/arm-none-eabi/10.2.1/../../../../arm-none-eabi/lib/thumb/v7e-m+dp/hard/libc_nano.a
LOAD /home/francoix/dev/gcc-arm-none-eabi-10-2020-q4-major/bin/../lib/gcc/arm-none-eabi/10.2.1/../../../../arm-none-eabi/lib/thumb/v7e-m+dp/hard/libnosys.a
END GROUP
START GROUP
LOAD /home/francoix/dev/gcc-arm-none-eabi-10-2020-q4-major/bin/../lib/gcc/arm-none-eabi/10.2.1/thumb/v7e-m+dp/hard/libgcc.a
LOAD /home/francoix/dev/gcc-arm-none-eabi-10-2020-q4-major/bin/../lib/gcc/arm-none-eabi/10.2.1/../../../../arm-none-eabi/lib/thumb/v7e-m+dp/hard/libc_nano.a
LOAD /home/francoix/dev/gcc-arm-none-eabi-10-2020-q4-major/bin/../lib/gcc/arm-none-eabi/10.2.1/../../../../arm-none-eabi/lib/thumb/v7e-m+dp/hard/libnosys.a
END GROUP
LOAD /home/francoix/dev/gcc-arm-none-eabi-10-2020-q4-major/bin/../lib/gcc/arm-none-eabi/10.2.1/thumb/v7e-m+dp/hard/crtend.o
LOAD /home/francoix/dev/gcc-arm-none-eabi-10-2020-q4-major/bin/../lib/gcc/arm-none-eabi/10.2.1/thumb/v7e-m+dp/hard/crtn.o
                0x0000000020020000                _estack = 0x20020000

.isr_vector     0x0000000008000000      0x298
                0x0000000008000000                . = ALIGN (0x4)
 *(.isr_vector)
 .isr_vector    0x0000000008000000      0x298 build/startup_stm32h750xx.o
                0x0000000008000000                g_pfnVectors
                0x0000000008000298                . = ALIGN (0x4)

.text           0x00000000080002a0    0x16a40
                0x00000000080002a0                . = ALIGN (0x4)
                0x00000000080002a0                _stext = .
 *(.text)
 .text          0x00000000080002a0       0x40 /home/francoix/dev/gcc-arm-none-eabi-10-2020-q4-major/bin/../lib/gcc/arm-none-eabi/10.2.1/thumb/v7e-m+dp/hard/crtbegin.o
 .text          0x00000000080002e0       0x10 /home/francoix/dev/gcc-arm-none-eabi-10-2020-q4-major/bin/../lib/gcc/arm-none-eabi/10.2.1/../../../../arm-none-eabi/lib/thumb/v7e-m+dp/hard/libc_nano.a(lib_a-strlen.o)
                0x00000000080002e0                strlen
 .text          0x00000000080002f0       0xa0 /home/francoix/dev/gcc-arm-none-eabi-10-2020-q4-major/bin/../lib/gcc/arm-none-eabi/10.2.1/../../../../arm-none-eabi/lib/thumb/v7e-m+dp/hard/libc_nano.a(lib_a-memchr.o)
                0x00000000080002f0                memchr
 .text          0x0000000008000390      0x378 /home/francoix/dev/gcc-arm-none-eabi-10-2020-q4-major/bin/../lib/gcc/arm-none-eabi/10.2.1/thumb/v7e-m+dp/hard/libgcc.a(_arm_addsubdf3.o)
                0x0000000008000390                __aeabi_drsub
                0x0000000008000398                __aeabi_dsub
                0x0000000008000398                __subdf3
                0x000000000800039c                __adddf3
                0x000000000800039c                __aeabi_dadd
                0x0000000008000614                __aeabi_ui2d
                0x0000000008000614                __floatunsidf
                0x0000000008000634                __floatsidf
                0x0000000008000634                __aeabi_i2d
                0x0000000008000658                __extendsfdf2
                0x0000000008000658                __aeabi_f2d
                0x000000000800069c                __aeabi_ul2d
                0x000000000800069c                __floatundidf
                0x00000000080006ac                __floatdidf
                0x00000000080006ac                __aeabi_l2d
 .text          0x0000000008000708       0x30 /home/francoix/dev/gcc-arm-none-eabi-10-2020-q4-major/bin/../lib/gcc/arm-none-eabi/10.2.1/thumb/v7e-m+dp/hard/libgcc.a(_aeabi_uldivmod.o)
                0x0000000008000708                __aeabi_uldivmod
 .text          0x0000000008000738      0x2d0 /home/francoix/dev/gcc-arm-none-eabi-10-2020-q4-major/bin/../lib/gcc/arm-none-eabi/10.2.1/thumb/v7e-m+dp/hard/libgcc.a(_udivmoddi4.o)
                0x0000000008000738                __udivmoddi4
 .text          0x0000000008000a08        0x4 /home/francoix/dev/gcc-arm-none-eabi-10-2020-q4-major/bin/../lib/gcc/arm-none-eabi/10.2.1/thumb/v7e-m+dp/hard/libgcc.a(_dvmd_tls.o)
                0x0000000008000a08                __aeabi_ldiv0
                0x0000000008000a08                __aeabi_idiv0
 *(.text*)
 .text.Default_Handler
                0x0000000008000a0c        0x4 build/startup_stm32h750xx.o
                0x0000000008000a0c                RTC_Alarm_IRQHandler
                0x0000000008000a0c                HASH_RNG_IRQHandler
                0x0000000008000a0c                EXTI2_IRQHandler
                0x0000000008000a0c                TIM8_CC_IRQHandler
                0x0000000008000a0c                HRTIM1_Master_IRQHandler
                0x0000000008000a0c                DebugMon_Handler
                0x0000000008000a0c                TIM1_CC_IRQHandler
                0x0000000008000a0c                BDMA_Channel6_IRQHandler
                0x0000000008000a0c                DMA2_Stream5_IRQHandler
                0x0000000008000a0c                HRTIM1_FLT_IRQHandler
                0x0000000008000a0c                JPEG_IRQHandler
                0x0000000008000a0c                BDMA_Channel1_IRQHandler
                0x0000000008000a0c                HRTIM1_TIMD_IRQHandler
                0x0000000008000a0c                TAMP_STAMP_IRQHandler
                0x0000000008000a0c                PendSV_Handler
                0x0000000008000a0c                NMI_Handler
                0x0000000008000a0c                EXTI3_IRQHandler
                0x0000000008000a0c                LPTIM4_IRQHandler
                0x0000000008000a0c                TIM8_TRG_COM_TIM14_IRQHandler
                0x0000000008000a0c                LPTIM2_IRQHandler
                0x0000000008000a0c                DFSDM1_FLT1_IRQHandler
                0x0000000008000a0c                DMAMUX2_OVR_IRQHandler
                0x0000000008000a0c                TIM8_UP_TIM13_IRQHandler
                0x0000000008000a0c                I2C3_ER_IRQHandler
                0x0000000008000a0c                DFSDM1_FLT2_IRQHandler
                0x0000000008000a0c                MDMA_IRQHandler
                0x0000000008000a0c                LPTIM3_IRQHandler
                0x0000000008000a0c                HSEM1_IRQHandler
                0x0000000008000a0c                EXTI0_IRQHandler
                0x0000000008000a0c                FPU_IRQHandler
                0x0000000008000a0c                OTG_HS_WKUP_IRQHandler
                0x0000000008000a0c                FDCAN1_IT1_IRQHandler
                0x0000000008000a0c                UsageFault_Handler
                0x0000000008000a0c                LTDC_ER_IRQHandler
                0x0000000008000a0c                HRTIM1_TIME_IRQHandler
                0x0000000008000a0c                TIM6_DAC_IRQHandler
                0x0000000008000a0c                DCMI_IRQHandler
                0x0000000008000a0c                HRTIM1_TIMC_IRQHandler
                0x0000000008000a0c                SAI2_IRQHandler
                0x0000000008000a0c                DFSDM1_FLT3_IRQHandler
                0x0000000008000a0c                TIM17_IRQHandler
                0x0000000008000a0c                CRYP_IRQHandler
                0x0000000008000a0c                BDMA_Channel7_IRQHandler
                0x0000000008000a0c                LPTIM5_IRQHandler
                0x0000000008000a0c                ADC3_IRQHandler
                0x0000000008000a0c                DMA2_Stream0_IRQHandler
                0x0000000008000a0c                BDMA_Channel2_IRQHandler
                0x0000000008000a0c                DMAMUX1_OVR_IRQHandler
                0x0000000008000a0c                TIM16_IRQHandler
                0x0000000008000a0c                BDMA_Channel5_IRQHandler
                0x0000000008000a0c                RCC_IRQHandler
                0x0000000008000a0c                TIM8_BRK_TIM12_IRQHandler
                0x0000000008000a0c                TIM1_TRG_COM_IRQHandler
                0x0000000008000a0c                Default_Handler
                0x0000000008000a0c                ECC_IRQHandler
                0x0000000008000a0c                CEC_IRQHandler
                0x0000000008000a0c                EXTI15_10_IRQHandler
                0x0000000008000a0c                BDMA_Channel0_IRQHandler
                0x0000000008000a0c                ADC_IRQHandler
                0x0000000008000a0c                DMA1_Stream7_IRQHandler
                0x0000000008000a0c                HRTIM1_TIMA_IRQHandler
                0x0000000008000a0c                TIM7_IRQHandler
                0x0000000008000a0c                SDMMC1_IRQHandler
                0x0000000008000a0c                DMA2_Stream7_IRQHandler
                0x0000000008000a0c                TIM15_IRQHandler
                0x0000000008000a0c                PVD_AVD_IRQHandler
                0x0000000008000a0c                EXTI9_5_IRQHandler
                0x0000000008000a0c                RTC_WKUP_IRQHandler
                0x0000000008000a0c                LTDC_IRQHandler
                0x0000000008000a0c                SAI3_IRQHandler
                0x0000000008000a0c                ETH_WKUP_IRQHandler
                0x0000000008000a0c                SPDIF_RX_IRQHandler
                0x0000000008000a0c                MemManage_Handler
                0x0000000008000a0c                SVC_Handler
                0x0000000008000a0c                CRS_IRQHandler
                0x0000000008000a0c                EXTI4_IRQHandler
                0x0000000008000a0c                HRTIM1_TIMB_IRQHandler
                0x0000000008000a0c                FDCAN2_IT1_IRQHandler
                0x0000000008000a0c                ETH_IRQHandler
                0x0000000008000a0c                TIM1_UP_IRQHandler
                0x0000000008000a0c                BDMA_Channel4_IRQHandler
                0x0000000008000a0c                WWDG_IRQHandler
                0x0000000008000a0c                SPI6_IRQHandler
                0x0000000008000a0c                I2C4_EV_IRQHandler
                0x0000000008000a0c                MDIOS_IRQHandler
                0x0000000008000a0c                FDCAN2_IT0_IRQHandler
                0x0000000008000a0c                FDCAN1_IT0_IRQHandler
                0x0000000008000a0c                OTG_FS_WKUP_IRQHandler
                0x0000000008000a0c                DMA2D_IRQHandler
                0x0000000008000a0c                TIM1_BRK_IRQHandler
                0x0000000008000a0c                EXTI1_IRQHandler
                0x0000000008000a0c                SDMMC2_IRQHandler
                0x0000000008000a0c                BDMA_Channel3_IRQHandler
                0x0000000008000a0c                MDIOS_WKUP_IRQHandler
                0x0000000008000a0c                DFSDM1_FLT0_IRQHandler
                0x0000000008000a0c                SAI4_IRQHandler
                0x0000000008000a0c                I2C2_ER_IRQHandler
                0x0000000008000a0c                DMA2_Stream1_IRQHandler
                0x0000000008000a0c                FLASH_IRQHandler
                0x0000000008000a0c                BusFault_Handler
                0x0000000008000a0c                WAKEUP_PIN_IRQHandler
                0x0000000008000a0c                I2C1_ER_IRQHandler
                0x0000000008000a0c                FMC_IRQHandler
                0x0000000008000a0c                FDCAN_CAL_IRQHandler
                0x0000000008000a0c                SWPMI1_IRQHandler
                0x0000000008000a0c                COMP1_IRQHandler
                0x0000000008000a0c                LPTIM1_IRQHandler
                0x0000000008000a0c                I2C4_ER_IRQHandler
                0x0000000008000a0c                DMA2_Stream6_IRQHandler
                0x0000000008000a0c                SAI1_IRQHandler
 .text.Reset_Handler
                0x0000000008000a10       0x44 build/startup_stm32h750xx.o
                0x0000000008000a10                Reset_Handler
 .text._ZN5daisy9ParameterD2Ev
                0x0000000008000a54        0x4 build/fxDaisySynth.o
                0x0000000008000a54                daisy::Parameter::~Parameter()
                0x0000000008000a54                daisy::Parameter::~Parameter()
 .text._ZN7daisysp5AdEnvD2Ev
                0x0000000008000a58        0x4 build/fxDaisySynth.o
                0x0000000008000a58                daisysp::AdEnv::~AdEnv()
                0x0000000008000a58                daisysp::AdEnv::~AdEnv()
 .text._ZN7daisysp10OscillatorD2Ev
                0x0000000008000a5c        0x4 build/fxDaisySynth.o
                0x0000000008000a5c                daisysp::Oscillator::~Oscillator()
                0x0000000008000a5c                daisysp::Oscillator::~Oscillator()
 .text._ZN7daisysp10MoogLadderD2Ev
                0x0000000008000a60        0x4 build/fxDaisySynth.o
                0x0000000008000a60                daisysp::MoogLadder::~MoogLadder()
                0x0000000008000a60                daisysp::MoogLadder::~MoogLadder()
 .text._ZN5daisy8DaisyPodD2Ev
                0x0000000008000a64        0x4 build/fxDaisySynth.o
                0x0000000008000a64                daisy::DaisyPod::~DaisyPod()
                0x0000000008000a64                daisy::DaisyPod::~DaisyPod()
 .text._ZN5daisy11MidiHandlerINS_16MidiUsbTransportEED2Ev
                0x0000000008000a68        0x4 build/fxDaisySynth.o
                0x0000000008000a68                daisy::MidiHandler<daisy::MidiUsbTransport>::~MidiHandler()
                0x0000000008000a68                daisy::MidiHandler<daisy::MidiUsbTransport>::~MidiHandler()
 .text._ZN5daisy11MidiHandlerINS_16MidiUsbTransportEE13ParseCallbackEPhjPv
                0x0000000008000a6c       0x74 build/fxDaisySynth.o
                0x0000000008000a6c                daisy::MidiHandler<daisy::MidiUsbTransport>::ParseCallback(unsigned char*, unsigned int, void*)
 .text._Z11NextSamplesRf
                0x0000000008000ae0       0xdc build/fxDaisySynth.o
                0x0000000008000ae0                NextSamples(float&)
 .text._Z17HandleMidiMessageN5daisy9MidiEventE
                0x0000000008000bbc      0x168 build/fxDaisySynth.o
                0x0000000008000bbc                HandleMidiMessage(daisy::MidiEvent)
 .text.startup.main
                0x0000000008000d24      0x358 build/fxDaisySynth.o
                0x0000000008000d24                main
 .text._Z13UpdateEncoderv
                0x000000000800107c       0xa0 build/fxDaisySynth.o
                0x000000000800107c                UpdateEncoder()
 *fill*         0x000000000800111c        0x4 
 .text._Z11UpdateKnobsv
                0x0000000008001120      0x21c build/fxDaisySynth.o
                0x0000000008001120                UpdateKnobs()
 .text._Z10UpdateLedsv
                0x000000000800133c       0xa8 build/fxDaisySynth.o
                0x000000000800133c                UpdateLeds()
 .text._Z13UpdateButtonsv
                0x00000000080013e4       0x50 build/fxDaisySynth.o
                0x00000000080013e4                UpdateButtons()
 .text._ZL13AudioCallbackPKfPfj
                0x0000000008001434       0x50 build/fxDaisySynth.o
 .text.startup._GLOBAL__sub_I_midi
                0x0000000008001484      0x12c build/fxDaisySynth.o
 .text._ZN5daisy8DaisyPod10StartAudioEPFvPKfPfjE
                0x00000000080015b0        0x4 ../DaisyExamples/libDaisy//build/libdaisy.a(daisy_pod.o)
                0x00000000080015b0                daisy::DaisyPod::StartAudio(void (*)(float const*, float*, unsigned int))
 .text._ZN5daisy8DaisyPod17SetAudioBlockSizeEj
                0x00000000080015b4       0x2c ../DaisyExamples/libDaisy//build/libdaisy.a(daisy_pod.o)
                0x00000000080015b4                daisy::DaisyPod::SetAudioBlockSize(unsigned int)
 .text._ZN5daisy8DaisyPod15AudioSampleRateEv
                0x00000000080015e0        0x4 ../DaisyExamples/libDaisy//build/libdaisy.a(daisy_pod.o)
                0x00000000080015e0                daisy::DaisyPod::AudioSampleRate()
 .text._ZN5daisy8DaisyPod8StartAdcEv
                0x00000000080015e4        0x8 ../DaisyExamples/libDaisy//build/libdaisy.a(daisy_pod.o)
                0x00000000080015e4                daisy::DaisyPod::StartAdc()
 .text._ZN5daisy8DaisyPod21ProcessAnalogControlsEv
                0x00000000080015ec       0x18 ../DaisyExamples/libDaisy//build/libdaisy.a(daisy_pod.o)
                0x00000000080015ec                daisy::DaisyPod::ProcessAnalogControls()
 .text._ZN5daisy8DaisyPod22ProcessDigitalControlsEv
                0x0000000008001604       0x20 ../DaisyExamples/libDaisy//build/libdaisy.a(daisy_pod.o)
                0x0000000008001604                daisy::DaisyPod::ProcessDigitalControls()
 .text._ZN5daisy8DaisyPod10UpdateLedsEv
                0x0000000008001624       0x18 ../DaisyExamples/libDaisy//build/libdaisy.a(daisy_pod.o)
                0x0000000008001624                daisy::DaisyPod::UpdateLeds()
 .text._ZN5daisy8DaisyPod8InitLedsEv
                0x000000000800163c       0x98 ../DaisyExamples/libDaisy//build/libdaisy.a(daisy_pod.o)
                0x000000000800163c                daisy::DaisyPod::InitLeds()
 .text._ZN5daisy8DaisyPod9InitKnobsEv
                0x00000000080016d4       0x90 ../DaisyExamples/libDaisy//build/libdaisy.a(daisy_pod.o)
                0x00000000080016d4                daisy::DaisyPod::InitKnobs()
 .text._ZN5daisy8DaisyPod4InitEb
                0x0000000008001764      0x128 ../DaisyExamples/libDaisy//build/libdaisy.a(daisy_pod.o)
                0x0000000008001764                daisy::DaisyPod::Init(bool)
 .text._ZN5daisy9DaisySeed9ConfigureEv
                0x000000000800188c        0x4 ../DaisyExamples/libDaisy//build/libdaisy.a(daisy_seed.o)
                0x000000000800188c                daisy::DaisySeed::Configure()
 .text._ZN5daisy9DaisySeed10StartAudioEPFvPKfPfjE
                0x0000000008001890        0x8 ../DaisyExamples/libDaisy//build/libdaisy.a(daisy_seed.o)
                0x0000000008001890                daisy::DaisySeed::StartAudio(void (*)(float const*, float*, unsigned int))
 .text._ZN5daisy9DaisySeed15AudioSampleRateEv
                0x0000000008001898        0x8 ../DaisyExamples/libDaisy//build/libdaisy.a(daisy_seed.o)
                0x0000000008001898                daisy::DaisySeed::AudioSampleRate()
 .text._ZN5daisy9DaisySeed17SetAudioBlockSizeEj
                0x00000000080018a0       0x38 ../DaisyExamples/libDaisy//build/libdaisy.a(daisy_seed.o)
                0x00000000080018a0                daisy::DaisySeed::SetAudioBlockSize(unsigned int)
 .text._ZNK5daisy9DaisySeed17AudioCallbackRateEv
                0x00000000080018d8        0x8 ../DaisyExamples/libDaisy//build/libdaisy.a(daisy_seed.o)
                0x00000000080018d8                daisy::DaisySeed::AudioCallbackRate() const
 .text._ZN5daisy9DaisySeed17CheckBoardVersionEv
                0x00000000080018e0       0x6c ../DaisyExamples/libDaisy//build/libdaisy.a(daisy_seed.o)
                0x00000000080018e0                daisy::DaisySeed::CheckBoardVersion()
 .text._ZN5daisy9DaisySeed14ConfigureAudioEv
                0x000000000800194c      0x10c ../DaisyExamples/libDaisy//build/libdaisy.a(daisy_seed.o)
                0x000000000800194c                daisy::DaisySeed::ConfigureAudio()
 .text._ZN5daisy9DaisySeed4InitEb
                0x0000000008001a58      0x108 ../DaisyExamples/libDaisy//build/libdaisy.a(daisy_seed.o)
                0x0000000008001a58                daisy::DaisySeed::Init(bool)
 .text._ZN5daisy6Ak45564InitE12dsy_gpio_pin
                0x0000000008001b60       0x44 ../DaisyExamples/libDaisy//build/libdaisy.a(codec_ak4556.o)
                0x0000000008001b60                daisy::Ak4556::Init(dsy_gpio_pin)
 .text._ZN5daisy6Wm873120WriteControlRegisterEht
                0x0000000008001ba4       0x3c ../DaisyExamples/libDaisy//build/libdaisy.a(codec_wm8731.o)
                0x0000000008001ba4                daisy::Wm8731::WriteControlRegister(unsigned char, unsigned short)
 .text._ZN5daisy6Wm87314InitERKNS0_6ConfigENS_9I2CHandleE
                0x0000000008001be0      0x1bc ../DaisyExamples/libDaisy//build/libdaisy.a(codec_wm8731.o)
                0x0000000008001be0                daisy::Wm8731::Init(daisy::Wm8731::Config const&, daisy::I2CHandle)
 .text._ZN11SdramHandle10DeviceInitEv
                0x0000000008001d9c       0x98 ../DaisyExamples/libDaisy//build/libdaisy.a(sdram.o)
                0x0000000008001d9c                SdramHandle::DeviceInit()
 .text._ZN11SdramHandle4InitEv
                0x0000000008001e34       0x7c ../DaisyExamples/libDaisy//build/libdaisy.a(sdram.o)
                0x0000000008001e34                SdramHandle::Init()
 .text.HAL_SDRAM_MspInit
                0x0000000008001eb0      0x1a8 ../DaisyExamples/libDaisy//build/libdaisy.a(sdram.o)
                0x0000000008001eb0                HAL_SDRAM_MspInit
 .text._ZN5daisy11AudioHandle4Impl16InternalCallbackEPlS2_j
                0x0000000008002058      0xbbc ../DaisyExamples/libDaisy//build/libdaisy.a(audio.o)
                0x0000000008002058                daisy::AudioHandle::Impl::InternalCallback(long*, long*, unsigned int)
 .text._ZN5daisy11AudioHandle4InitERKNS0_6ConfigENS_9SaiHandleE
                0x0000000008002c14       0x70 ../DaisyExamples/libDaisy//build/libdaisy.a(audio.o)
                0x0000000008002c14                daisy::AudioHandle::Init(daisy::AudioHandle::Config const&, daisy::SaiHandle)
 .text._ZNK5daisy11AudioHandle9GetConfigEv
                0x0000000008002c84        0x8 ../DaisyExamples/libDaisy//build/libdaisy.a(audio.o)
                0x0000000008002c84                daisy::AudioHandle::GetConfig() const
 .text._ZN5daisy11AudioHandle12SetBlockSizeEj
                0x0000000008002c8c       0x1c ../DaisyExamples/libDaisy//build/libdaisy.a(audio.o)
                0x0000000008002c8c                daisy::AudioHandle::SetBlockSize(unsigned int)
 .text._ZN5daisy11AudioHandle13GetSampleRateEv
                0x0000000008002ca8        0x8 ../DaisyExamples/libDaisy//build/libdaisy.a(audio.o)
                0x0000000008002ca8                daisy::AudioHandle::GetSampleRate()
 .text._ZN5daisy11AudioHandle5StartEPFvPKfPfjE
                0x0000000008002cb0       0x2c ../DaisyExamples/libDaisy//build/libdaisy.a(audio.o)
                0x0000000008002cb0                daisy::AudioHandle::Start(void (*)(float const*, float*, unsigned int))
 .text.startup._GLOBAL__sub_I__ZN5daisy11AudioHandle4Impl4InitENS0_6ConfigENS_9SaiHandleE
                0x0000000008002cdc       0x24 ../DaisyExamples/libDaisy//build/libdaisy.a(audio.o)
 .text._ZN5daisy13AnalogControl4InitEPtfbbf
                0x0000000008002d00       0x64 ../DaisyExamples/libDaisy//build/libdaisy.a(ctrl.o)
                0x0000000008002d00                daisy::AnalogControl::Init(unsigned short*, float, bool, bool, float)
 .text._ZN5daisy13AnalogControl7ProcessEv
                0x0000000008002d64       0x48 ../DaisyExamples/libDaisy//build/libdaisy.a(ctrl.o)
                0x0000000008002d64                daisy::AnalogControl::Process()
 .text._ZN5daisy13AnalogControl13SetSampleRateEf
                0x0000000008002dac       0x58 ../DaisyExamples/libDaisy//build/libdaisy.a(ctrl.o)
                0x0000000008002dac                daisy::AnalogControl::SetSampleRate(float)
 .text._ZN5daisy7Encoder4InitE12dsy_gpio_pinS1_S1_f
                0x0000000008002e04       0x60 ../DaisyExamples/libDaisy//build/libdaisy.a(encoder.o)
                0x0000000008002e04                daisy::Encoder::Init(dsy_gpio_pin, dsy_gpio_pin, dsy_gpio_pin, float)
 .text._ZN5daisy7Encoder8DebounceEv
                0x0000000008002e64       0x7c ../DaisyExamples/libDaisy//build/libdaisy.a(encoder.o)
                0x0000000008002e64                daisy::Encoder::Debounce()
 .text._ZN5daisy17MidiUartTransport6ConfigC2Ev
                0x0000000008002ee0       0x28 ../DaisyExamples/libDaisy//build/libdaisy.a(midi.o)
                0x0000000008002ee0                daisy::MidiUartTransport::Config::Config()
                0x0000000008002ee0                daisy::MidiUartTransport::Config::Config()
 .text._ZN5daisy10MidiParser5ParseEhPNS_9MidiEventE
                0x0000000008002f08      0x170 ../DaisyExamples/libDaisy//build/libdaisy.a(midi_parser.o)
                0x0000000008002f08                daisy::MidiParser::Parse(unsigned char, daisy::MidiEvent*)
 .text._ZN5daisy10MidiParser5ResetEv
                0x0000000008003078        0xc ../DaisyExamples/libDaisy//build/libdaisy.a(midi_parser.o)
                0x0000000008003078                daisy::MidiParser::Reset()
 .text._ZN5daisy9Parameter4InitENS_13AnalogControlEffNS0_5CurveE
                0x0000000008003084       0x60 ../DaisyExamples/libDaisy//build/libdaisy.a(parameter.o)
                0x0000000008003084                daisy::Parameter::Init(daisy::AnalogControl, float, float, daisy::Parameter::Curve)
 .text._ZN5daisy9Parameter7ProcessEv
                0x00000000080030e4       0xac ../DaisyExamples/libDaisy//build/libdaisy.a(parameter.o)
                0x00000000080030e4                daisy::Parameter::Process()
 .text._ZN5daisy6RgbLed4InitE12dsy_gpio_pinS1_S1_b
                0x0000000008003190       0x50 ../DaisyExamples/libDaisy//build/libdaisy.a(rgb_led.o)
                0x0000000008003190                daisy::RgbLed::Init(dsy_gpio_pin, dsy_gpio_pin, dsy_gpio_pin, bool)
 .text._ZN5daisy6RgbLed3SetEfff
                0x00000000080031e0       0x34 ../DaisyExamples/libDaisy//build/libdaisy.a(rgb_led.o)
                0x00000000080031e0                daisy::RgbLed::Set(float, float, float)
 .text._ZN5daisy6RgbLed8SetColorENS_5ColorE
                0x0000000008003214       0x2c ../DaisyExamples/libDaisy//build/libdaisy.a(rgb_led.o)
                0x0000000008003214                daisy::RgbLed::SetColor(daisy::Color)
 .text._ZN5daisy6RgbLed6UpdateEv
                0x0000000008003240       0x1c ../DaisyExamples/libDaisy//build/libdaisy.a(rgb_led.o)
                0x0000000008003240                daisy::RgbLed::Update()
 .text._ZN5daisy6Switch4InitE12dsy_gpio_pinf
                0x000000000800325c       0x34 ../DaisyExamples/libDaisy//build/libdaisy.a(switch.o)
                0x000000000800325c                daisy::Switch::Init(dsy_gpio_pin, float)
 .text._ZN5daisy6Switch8DebounceEv
                0x0000000008003290       0x5c ../DaisyExamples/libDaisy//build/libdaisy.a(switch.o)
                0x0000000008003290                daisy::Switch::Debounce()
 .text.DummyRxCallback
                0x00000000080032ec        0x4 ../DaisyExamples/libDaisy//build/libdaisy.a(usb.o)
                0x00000000080032ec                DummyRxCallback
 .text._ZN5daisy9UsbHandle4InitENS0_9UsbPeriphE
                0x00000000080032f0      0x10c ../DaisyExamples/libDaisy//build/libdaisy.a(usb.o)
                0x00000000080032f0                daisy::UsbHandle::Init(daisy::UsbHandle::UsbPeriph)
 .text._ZN5daisy9UsbHandle16TransmitInternalEPhj
                0x00000000080033fc       0x14 ../DaisyExamples/libDaisy//build/libdaisy.a(usb.o)
                0x00000000080033fc                daisy::UsbHandle::TransmitInternal(unsigned char*, unsigned int)
 .text._ZN5daisy9UsbHandle18SetReceiveCallbackEPFvPhPmENS0_9UsbPeriphE
                0x0000000008003410       0x38 ../DaisyExamples/libDaisy//build/libdaisy.a(usb.o)
                0x0000000008003410                daisy::UsbHandle::SetReceiveCallback(void (*)(unsigned char*, unsigned long*), daisy::UsbHandle::UsbPeriph)
 .text.OTG_FS_EP1_OUT_IRQHandler
                0x0000000008003448        0xc ../DaisyExamples/libDaisy//build/libdaisy.a(usb.o)
                0x0000000008003448                OTG_FS_EP1_OUT_IRQHandler
 .text.OTG_FS_EP1_IN_IRQHandler
                0x0000000008003454        0xc ../DaisyExamples/libDaisy//build/libdaisy.a(usb.o)
                0x0000000008003454                OTG_FS_EP1_IN_IRQHandler
 .text.OTG_FS_IRQHandler
                0x0000000008003460        0xc ../DaisyExamples/libDaisy//build/libdaisy.a(usb.o)
                0x0000000008003460                OTG_FS_IRQHandler
 .text._ZN5daisy16MidiUsbTransport4ImplD2Ev
                0x000000000800346c        0x4 ../DaisyExamples/libDaisy//build/libdaisy.a(usb_midi.o)
                0x000000000800346c                daisy::MidiUsbTransport::Impl::~Impl()
                0x000000000800346c                daisy::MidiUsbTransport::Impl::~Impl()
 .text._ZN5daisy16MidiUsbTransport4Impl5ParseEv
                0x0000000008003470       0x68 ../DaisyExamples/libDaisy//build/libdaisy.a(usb_midi.o)
                0x0000000008003470                daisy::MidiUsbTransport::Impl::Parse()
 .text._Z15ReceiveCallbackPhPm
                0x00000000080034d8       0x9c ../DaisyExamples/libDaisy//build/libdaisy.a(usb_midi.o)
                0x00000000080034d8                ReceiveCallback(unsigned char*, unsigned long*)
 .text._ZN5daisy16MidiUsbTransport4InitENS0_6ConfigE
                0x0000000008003574       0x54 ../DaisyExamples/libDaisy//build/libdaisy.a(usb_midi.o)
                0x0000000008003574                daisy::MidiUsbTransport::Init(daisy::MidiUsbTransport::Config)
 .text._ZN5daisy16MidiUsbTransport7StartRxEPFvPhjPvES2_
                0x00000000080035c8       0x14 ../DaisyExamples/libDaisy//build/libdaisy.a(usb_midi.o)
                0x00000000080035c8                daisy::MidiUsbTransport::StartRx(void (*)(unsigned char*, unsigned int, void*), void*)
 .text._ZN5daisy16MidiUsbTransport8RxActiveEv
                0x00000000080035dc        0x8 ../DaisyExamples/libDaisy//build/libdaisy.a(usb_midi.o)
                0x00000000080035dc                daisy::MidiUsbTransport::RxActive()
 .text._ZN5daisy16MidiUsbTransport7FlushRxEv
                0x00000000080035e4        0xc ../DaisyExamples/libDaisy//build/libdaisy.a(usb_midi.o)
                0x00000000080035e4                daisy::MidiUsbTransport::FlushRx()
 .text.startup._GLOBAL__sub_I__Z15ReceiveCallbackPhPm
                0x00000000080035f0       0x60 ../DaisyExamples/libDaisy//build/libdaisy.a(usb_midi.o)
 .text._ZN5daisy16AdcChannelConfig10InitSingleE12dsy_gpio_pinNS0_15ConversionSpeedE
                0x0000000008003650       0x28 ../DaisyExamples/libDaisy//build/libdaisy.a(adc.o)
                0x0000000008003650                daisy::AdcChannelConfig::InitSingle(dsy_gpio_pin, daisy::AdcChannelConfig::ConversionSpeed)
 .text._ZN5daisy9AdcHandle4InitEPNS_16AdcChannelConfigEjNS0_12OverSamplingE
                0x0000000008003678      0x41c ../DaisyExamples/libDaisy//build/libdaisy.a(adc.o)
                0x0000000008003678                daisy::AdcHandle::Init(daisy::AdcChannelConfig*, unsigned int, daisy::AdcHandle::OverSampling)
 .text._ZN5daisy9AdcHandle5StartEv
                0x0000000008003a94       0x2c ../DaisyExamples/libDaisy//build/libdaisy.a(adc.o)
                0x0000000008003a94                daisy::AdcHandle::Start()
 .text._ZNK5daisy9AdcHandle6GetPtrEh
                0x0000000008003ac0       0x14 ../DaisyExamples/libDaisy//build/libdaisy.a(adc.o)
                0x0000000008003ac0                daisy::AdcHandle::GetPtr(unsigned char) const
 .text.HAL_ADC_MspInit
                0x0000000008003ad4       0x98 ../DaisyExamples/libDaisy//build/libdaisy.a(adc.o)
                0x0000000008003ad4                HAL_ADC_MspInit
 .text.DMA1_Stream2_IRQHandler
                0x0000000008003b6c        0xc ../DaisyExamples/libDaisy//build/libdaisy.a(adc.o)
                0x0000000008003b6c                DMA1_Stream2_IRQHandler
 .text.HAL_ADC_ConvCpltCallback
                0x0000000008003b78      0x148 ../DaisyExamples/libDaisy//build/libdaisy.a(adc.o)
                0x0000000008003b78                HAL_ADC_ConvCpltCallback
 .text.HAL_ADC_ErrorCallback
                0x0000000008003cc0        0x4 ../DaisyExamples/libDaisy//build/libdaisy.a(adc.o)
                0x0000000008003cc0                HAL_ADC_ErrorCallback
 .text._ZN5daisy4GPIO4InitENS_3PinENS0_4ModeENS0_4PullENS0_5SpeedE
                0x0000000008003cc4      0x1cc ../DaisyExamples/libDaisy//build/libdaisy.a(gpio.o)
                0x0000000008003cc4                daisy::GPIO::Init(daisy::Pin, daisy::GPIO::Mode, daisy::GPIO::Pull, daisy::GPIO::Speed)
 .text._ZN5daisy4GPIO4ReadEv
                0x0000000008003e90       0x18 ../DaisyExamples/libDaisy//build/libdaisy.a(gpio.o)
                0x0000000008003e90                daisy::GPIO::Read()
 .text._ZN5daisy4GPIO5WriteEb
                0x0000000008003ea8       0x14 ../DaisyExamples/libDaisy//build/libdaisy.a(gpio.o)
                0x0000000008003ea8                daisy::GPIO::Write(bool)
 .text.dsy_gpio_init
                0x0000000008003ebc      0x1b8 ../DaisyExamples/libDaisy//build/libdaisy.a(gpio.o)
                0x0000000008003ebc                dsy_gpio_init
 .text.dsy_gpio_read
                0x0000000008004074       0x1c ../DaisyExamples/libDaisy//build/libdaisy.a(gpio.o)
                0x0000000008004074                dsy_gpio_read
 .text.dsy_gpio_write
                0x0000000008004090       0x24 ../DaisyExamples/libDaisy//build/libdaisy.a(gpio.o)
                0x0000000008004090                dsy_gpio_write
 .text._ZN5daisy9I2CHandle4Impl8InitPinsEv
                0x00000000080040b4       0x58 ../DaisyExamples/libDaisy//build/libdaisy.a(i2c.o)
                0x00000000080040b4                daisy::I2CHandle::Impl::InitPins()
 .text.HAL_I2C_MspInit
                0x000000000800410c      0x1b4 ../DaisyExamples/libDaisy//build/libdaisy.a(i2c.o)
                0x000000000800410c                HAL_I2C_MspInit
 .text.dsy_i2c_global_init
                0x00000000080042c0       0x78 ../DaisyExamples/libDaisy//build/libdaisy.a(i2c.o)
                0x00000000080042c0                dsy_i2c_global_init
 .text.DMA1_Stream6_IRQHandler
                0x0000000008004338       0x34 ../DaisyExamples/libDaisy//build/libdaisy.a(i2c.o)
                0x0000000008004338                DMA1_Stream6_IRQHandler
 .text.I2C1_EV_IRQHandler
                0x000000000800436c        0xc ../DaisyExamples/libDaisy//build/libdaisy.a(i2c.o)
                0x000000000800436c                I2C1_EV_IRQHandler
 .text.I2C2_EV_IRQHandler
                0x0000000008004378        0xc ../DaisyExamples/libDaisy//build/libdaisy.a(i2c.o)
                0x0000000008004378                I2C2_EV_IRQHandler
 .text.I2C3_EV_IRQHandler
                0x0000000008004384        0xc ../DaisyExamples/libDaisy//build/libdaisy.a(i2c.o)
                0x0000000008004384                I2C3_EV_IRQHandler
 .text._ZN5daisy9I2CHandle4InitERKNS0_6ConfigE
                0x0000000008004390      0x12c ../DaisyExamples/libDaisy//build/libdaisy.a(i2c.o)
                0x0000000008004390                daisy::I2CHandle::Init(daisy::I2CHandle::Config const&)
 .text._ZN5daisy9I2CHandle16TransmitBlockingEtPhtm
                0x00000000080044bc       0x50 ../DaisyExamples/libDaisy//build/libdaisy.a(i2c.o)
                0x00000000080044bc                daisy::I2CHandle::TransmitBlocking(unsigned short, unsigned char*, unsigned short, unsigned long)
 .text.startup._GLOBAL__sub_I__ZN5daisy9I2CHandle4Impl10GlobalInitEv
                0x000000000800450c       0x18 ../DaisyExamples/libDaisy//build/libdaisy.a(i2c.o)
 .text._ZN5daisy10QSPIHandle4Impl11WriteEnableEv
                0x0000000008004524       0x8c ../DaisyExamples/libDaisy//build/libdaisy.a(qspi.o)
                0x0000000008004524                daisy::QSPIHandle::Impl::WriteEnable()
 .text._ZN5daisy10QSPIHandle4Impl17DummyCyclesConfigENS0_6Config6DeviceE
                0x00000000080045b0      0x118 ../DaisyExamples/libDaisy//build/libdaisy.a(qspi.o)
                0x00000000080045b0                daisy::QSPIHandle::Impl::DummyCyclesConfig(daisy::QSPIHandle::Config::Device)
 .text._ZN5daisy10QSPIHandle4Impl10QuadEnableEv
                0x00000000080046c8      0x158 ../DaisyExamples/libDaisy//build/libdaisy.a(qspi.o)
                0x00000000080046c8                daisy::QSPIHandle::Impl::QuadEnable()
 .text._ZN5daisy10QSPIHandle4InitERKNS0_6ConfigE
                0x0000000008004820      0x198 ../DaisyExamples/libDaisy//build/libdaisy.a(qspi.o)
                0x0000000008004820                daisy::QSPIHandle::Init(daisy::QSPIHandle::Config const&)
 .text.HAL_QSPI_MspInit
                0x00000000080049b8      0x11c ../DaisyExamples/libDaisy//build/libdaisy.a(qspi.o)
                0x00000000080049b8                HAL_QSPI_MspInit
 .text.HAL_QSPI_MspDeInit
                0x0000000008004ad4       0x54 ../DaisyExamples/libDaisy//build/libdaisy.a(qspi.o)
                0x0000000008004ad4                HAL_QSPI_MspDeInit
 .text.QUADSPI_IRQHandler
                0x0000000008004b28        0xc ../DaisyExamples/libDaisy//build/libdaisy.a(qspi.o)
                0x0000000008004b28                QUADSPI_IRQHandler
 .text.startup._GLOBAL__sub_I__ZN5daisy10QSPIHandle4Impl4InitERKNS0_6ConfigE
                0x0000000008004b34       0x28 ../DaisyExamples/libDaisy//build/libdaisy.a(qspi.o)
 .text._ZN5daisy9SaiHandle4Impl7InitDmaENS1_15PeripheralBlockE
                0x0000000008004b5c       0xa0 ../DaisyExamples/libDaisy//build/libdaisy.a(sai.o)
                0x0000000008004b5c                daisy::SaiHandle::Impl::InitDma(daisy::SaiHandle::Impl::PeripheralBlock)
 .text._ZN5daisy9SaiHandle4Impl8InitPinsEv
                0x0000000008004bfc       0xa8 ../DaisyExamples/libDaisy//build/libdaisy.a(sai.o)
                0x0000000008004bfc                daisy::SaiHandle::Impl::InitPins()
 .text.HAL_SAI_MspInit
                0x0000000008004ca4      0x164 ../DaisyExamples/libDaisy//build/libdaisy.a(sai.o)
                0x0000000008004ca4                HAL_SAI_MspInit
 .text.DMA1_Stream0_IRQHandler
                0x0000000008004e08        0xc ../DaisyExamples/libDaisy//build/libdaisy.a(sai.o)
                0x0000000008004e08                DMA1_Stream0_IRQHandler
 .text.DMA1_Stream1_IRQHandler
                0x0000000008004e14        0xc ../DaisyExamples/libDaisy//build/libdaisy.a(sai.o)
                0x0000000008004e14                DMA1_Stream1_IRQHandler
 .text.DMA1_Stream3_IRQHandler
                0x0000000008004e20        0xc ../DaisyExamples/libDaisy//build/libdaisy.a(sai.o)
                0x0000000008004e20                DMA1_Stream3_IRQHandler
 .text.DMA1_Stream4_IRQHandler
                0x0000000008004e2c        0xc ../DaisyExamples/libDaisy//build/libdaisy.a(sai.o)
                0x0000000008004e2c                DMA1_Stream4_IRQHandler
 .text.HAL_SAI_RxHalfCpltCallback
                0x0000000008004e38       0x78 ../DaisyExamples/libDaisy//build/libdaisy.a(sai.o)
                0x0000000008004e38                HAL_SAI_RxHalfCpltCallback
 .text.HAL_SAI_RxCpltCallback
                0x0000000008004eb0       0x70 ../DaisyExamples/libDaisy//build/libdaisy.a(sai.o)
                0x0000000008004eb0                HAL_SAI_RxCpltCallback
 .text._ZN5daisy9SaiHandle4InitERKNS0_6ConfigE
                0x0000000008004f20      0x1f0 ../DaisyExamples/libDaisy//build/libdaisy.a(sai.o)
                0x0000000008004f20                daisy::SaiHandle::Init(daisy::SaiHandle::Config const&)
 .text._ZNK5daisy9SaiHandle9GetConfigEv
                0x0000000008005110        0x4 ../DaisyExamples/libDaisy//build/libdaisy.a(sai.o)
                0x0000000008005110                daisy::SaiHandle::GetConfig() const
 .text._ZN5daisy9SaiHandle8StartDmaEPlS1_jPFvS1_S1_jE
                0x0000000008005114       0xbc ../DaisyExamples/libDaisy//build/libdaisy.a(sai.o)
                0x0000000008005114                daisy::SaiHandle::StartDma(long*, long*, unsigned int, void (*)(long*, long*, unsigned int))
 .text._ZN5daisy9SaiHandle13GetSampleRateEv
                0x00000000080051d0       0x24 ../DaisyExamples/libDaisy//build/libdaisy.a(sai.o)
                0x00000000080051d0                daisy::SaiHandle::GetSampleRate()
 .text._ZNK5daisy9SaiHandle9GetOffsetEv
                0x00000000080051f4        0x8 ../DaisyExamples/libDaisy//build/libdaisy.a(sai.o)
                0x00000000080051f4                daisy::SaiHandle::GetOffset() const
 .text._ZL20UART_CheckRxListenerPN5daisy11UartHandler4ImplE
                0x00000000080051fc       0x84 ../DaisyExamples/libDaisy//build/libdaisy.a(uart.o)
 .text._ZN5daisy11UartHandler4Impl10StartDmaTxEPhjPFvPvEPFvS3_NS0_6ResultEES3_
                0x0000000008005280      0x184 ../DaisyExamples/libDaisy//build/libdaisy.a(uart.o)
                0x0000000008005280                daisy::UartHandler::Impl::StartDmaTx(unsigned char*, unsigned int, void (*)(void*), void (*)(void*, daisy::UartHandler::Result), void*)
 .text._ZN5daisy11UartHandler4Impl10StartDmaRxEPhjPFvPvEPFvS3_NS0_6ResultEES3_
                0x0000000008005404      0x184 ../DaisyExamples/libDaisy//build/libdaisy.a(uart.o)
                0x0000000008005404                daisy::UartHandler::Impl::StartDmaRx(unsigned char*, unsigned int, void (*)(void*), void (*)(void*, daisy::UartHandler::Result), void*)
 .text._ZN5daisy11UartHandler4Impl19DmaTransferFinishedEP20__UART_HandleTypeDefNS0_6ResultE
                0x0000000008005588       0xc0 ../DaisyExamples/libDaisy//build/libdaisy.a(uart.o)
                0x0000000008005588                daisy::UartHandler::Impl::DmaTransferFinished(__UART_HandleTypeDef*, daisy::UartHandler::Result)
 .text._ZN5daisy11UartHandler4Impl8InitPinsEv
                0x0000000008005648      0x154 ../DaisyExamples/libDaisy//build/libdaisy.a(uart.o)
                0x0000000008005648                daisy::UartHandler::Impl::InitPins()
 .text.HAL_UART_MspInit
                0x000000000800579c      0x210 ../DaisyExamples/libDaisy//build/libdaisy.a(uart.o)
                0x000000000800579c                HAL_UART_MspInit
 .text.dsy_uart_global_init
                0x00000000080059ac      0x110 ../DaisyExamples/libDaisy//build/libdaisy.a(uart.o)
                0x00000000080059ac                dsy_uart_global_init
 .text.USART1_IRQHandler
                0x0000000008005abc       0x2c ../DaisyExamples/libDaisy//build/libdaisy.a(uart.o)
                0x0000000008005abc                USART1_IRQHandler
 .text.USART2_IRQHandler
                0x0000000008005ae8       0x34 ../DaisyExamples/libDaisy//build/libdaisy.a(uart.o)
                0x0000000008005ae8                USART2_IRQHandler
 .text.USART3_IRQHandler
                0x0000000008005b1c       0x34 ../DaisyExamples/libDaisy//build/libdaisy.a(uart.o)
                0x0000000008005b1c                USART3_IRQHandler
 .text.UART4_IRQHandler
                0x0000000008005b50       0x34 ../DaisyExamples/libDaisy//build/libdaisy.a(uart.o)
                0x0000000008005b50                UART4_IRQHandler
 .text.UART5_IRQHandler
                0x0000000008005b84       0x34 ../DaisyExamples/libDaisy//build/libdaisy.a(uart.o)
                0x0000000008005b84                UART5_IRQHandler
 .text.USART6_IRQHandler
                0x0000000008005bb8       0x34 ../DaisyExamples/libDaisy//build/libdaisy.a(uart.o)
                0x0000000008005bb8                USART6_IRQHandler
 .text.UART7_IRQHandler
                0x0000000008005bec       0x34 ../DaisyExamples/libDaisy//build/libdaisy.a(uart.o)
                0x0000000008005bec                UART7_IRQHandler
 .text.UART8_IRQHandler
                0x0000000008005c20       0x34 ../DaisyExamples/libDaisy//build/libdaisy.a(uart.o)
                0x0000000008005c20                UART8_IRQHandler
 .text.LPUART1_IRQHandler
                0x0000000008005c54       0x34 ../DaisyExamples/libDaisy//build/libdaisy.a(uart.o)
                0x0000000008005c54                LPUART1_IRQHandler
 .text.DMA1_Stream5_IRQHandler
                0x0000000008005c88       0x34 ../DaisyExamples/libDaisy//build/libdaisy.a(uart.o)
                0x0000000008005c88                DMA1_Stream5_IRQHandler
 .text.DMA2_Stream4_IRQHandler
                0x0000000008005cbc       0x38 ../DaisyExamples/libDaisy//build/libdaisy.a(uart.o)
                0x0000000008005cbc                DMA2_Stream4_IRQHandler
 .text.HAL_UART_TxCpltCallback
                0x0000000008005cf4        0x8 ../DaisyExamples/libDaisy//build/libdaisy.a(uart.o)
                0x0000000008005cf4                HAL_UART_TxCpltCallback
 .text.HAL_UART_RxCpltCallback
                0x0000000008005cfc       0x94 ../DaisyExamples/libDaisy//build/libdaisy.a(uart.o)
                0x0000000008005cfc                HAL_UART_RxCpltCallback
 .text.HAL_UART_RxHalfCpltCallback
                0x0000000008005d90       0x90 ../DaisyExamples/libDaisy//build/libdaisy.a(uart.o)
                0x0000000008005d90                HAL_UART_RxHalfCpltCallback
 .text.HAL_UART_ErrorCallback
                0x0000000008005e20        0x8 ../DaisyExamples/libDaisy//build/libdaisy.a(uart.o)
                0x0000000008005e20                HAL_UART_ErrorCallback
 .text._ZN5daisy11UartHandler4InitERKNS0_6ConfigE
                0x0000000008005e28       0xd4 ../DaisyExamples/libDaisy//build/libdaisy.a(uart.o)
                0x0000000008005e28                daisy::UartHandler::Init(daisy::UartHandler::Config const&)
 .text.startup._GLOBAL__sub_I__Z19MapInstanceToHandleP13USART_TypeDef
                0x0000000008005efc      0x194 ../DaisyExamples/libDaisy//build/libdaisy.a(uart.o)
 .text.dsy_dma_init
                0x0000000008006090      0x100 ../DaisyExamples/libDaisy//build/libdaisy.a(dma.o)
                0x0000000008006090                dsy_dma_init
 .text.dsy_dma_invalidate_cache_for_buffer
                0x0000000008006190       0x2c ../DaisyExamples/libDaisy//build/libdaisy.a(dma.o)
                0x0000000008006190                dsy_dma_invalidate_cache_for_buffer
 .text._ZN5daisy11TimerHandleD2Ev
                0x00000000080061bc        0x4 ../DaisyExamples/libDaisy//build/libdaisy.a(system.o)
                0x00000000080061bc                daisy::TimerHandle::~TimerHandle()
                0x00000000080061bc                daisy::TimerHandle::~TimerHandle()
 .text.SysTick_Handler
                0x00000000080061c0       0x10 ../DaisyExamples/libDaisy//build/libdaisy.a(system.o)
                0x00000000080061c0                SysTick_Handler
 .text.OTG_HS_EP1_OUT_IRQHandler
                0x00000000080061d0       0x24 ../DaisyExamples/libDaisy//build/libdaisy.a(system.o)
                0x00000000080061d0                OTG_HS_EP1_OUT_IRQHandler
 .text.OTG_HS_EP1_IN_IRQHandler
                0x00000000080061f4       0x24 ../DaisyExamples/libDaisy//build/libdaisy.a(system.o)
                0x00000000080061f4                OTG_HS_EP1_IN_IRQHandler
 .text.OTG_HS_IRQHandler
                0x0000000008006218       0x24 ../DaisyExamples/libDaisy//build/libdaisy.a(system.o)
                0x0000000008006218                OTG_HS_IRQHandler
 .text.HardFault_Handler
                0x000000000800623c       0xe0 ../DaisyExamples/libDaisy//build/libdaisy.a(system.o)
                0x000000000800623c                HardFault_Handler
 .text._ZN5daisy6System6GetNowEv
                0x000000000800631c        0x4 ../DaisyExamples/libDaisy//build/libdaisy.a(system.o)
                0x000000000800631c                daisy::System::GetNow()
 .text._ZN5daisy6System5DelayEm
                0x0000000008006320        0x4 ../DaisyExamples/libDaisy//build/libdaisy.a(system.o)
                0x0000000008006320                daisy::System::Delay(unsigned long)
 .text._ZN5daisy6System20GetBootloaderVersionEv
                0x0000000008006324       0x34 ../DaisyExamples/libDaisy//build/libdaisy.a(system.o)
                0x0000000008006324                daisy::System::GetBootloaderVersion()
 .text._ZN5daisy6System15ConfigureClocksEv
                0x0000000008006358      0x194 ../DaisyExamples/libDaisy//build/libdaisy.a(system.o)
                0x0000000008006358                daisy::System::ConfigureClocks()
 .text._ZN5daisy6System12ConfigureMpuEv
                0x00000000080064ec       0x7c ../DaisyExamples/libDaisy//build/libdaisy.a(system.o)
                0x00000000080064ec                daisy::System::ConfigureMpu()
 .text._ZN5daisy6System4InitERKNS0_6ConfigE
                0x0000000008006568       0xec ../DaisyExamples/libDaisy//build/libdaisy.a(system.o)
                0x0000000008006568                daisy::System::Init(daisy::System::Config const&)
 .text._ZN5daisy6System12GetPClk1FreqEv
                0x0000000008006654        0x4 ../DaisyExamples/libDaisy//build/libdaisy.a(system.o)
                0x0000000008006654                daisy::System::GetPClk1Freq()
 .text._ZN5daisy6System22GetProgramMemoryRegionEv
                0x0000000008006658       0x78 ../DaisyExamples/libDaisy//build/libdaisy.a(system.o)
                0x0000000008006658                daisy::System::GetProgramMemoryRegion()
 .text.startup._GLOBAL__sub_I__ZN5daisy9boot_infoE
                0x00000000080066d0       0x1c ../DaisyExamples/libDaisy//build/libdaisy.a(system.o)
 .text.SystemInit
                0x00000000080066ec       0x9c ../DaisyExamples/libDaisy//build/libdaisy.a(system_stm32h7xx.o)
                0x00000000080066ec                SystemInit
 .text.dummy_rx_callback
                0x0000000008006788        0x4 ../DaisyExamples/libDaisy//build/libdaisy.a(usbd_cdc_if.o)
                0x0000000008006788                dummy_rx_callback
 .text.CDC_DeInit_FS
                0x000000000800678c        0x4 ../DaisyExamples/libDaisy//build/libdaisy.a(usbd_cdc_if.o)
 .text.CDC_Receive_FS
                0x0000000008006790       0x2c ../DaisyExamples/libDaisy//build/libdaisy.a(usbd_cdc_if.o)
 .text.CDC_Receive_HS
                0x00000000080067bc       0x2c ../DaisyExamples/libDaisy//build/libdaisy.a(usbd_cdc_if.o)
 .text.CDC_Init_FS
                0x00000000080067e8       0x3c ../DaisyExamples/libDaisy//build/libdaisy.a(usbd_cdc_if.o)
 .text.CDC_Init_HS
                0x0000000008006824       0x3c ../DaisyExamples/libDaisy//build/libdaisy.a(usbd_cdc_if.o)
 .text.CDC_Control_FS
                0x0000000008006860       0x34 ../DaisyExamples/libDaisy//build/libdaisy.a(usbd_cdc_if.o)
 .text.CDC_Control_HS
                0x0000000008006894       0x34 ../DaisyExamples/libDaisy//build/libdaisy.a(usbd_cdc_if.o)
 .text.CDC_DeInit_HS
                0x00000000080068c8        0x4 ../DaisyExamples/libDaisy//build/libdaisy.a(usbd_cdc_if.o)
 .text.CDC_Transmit_FS
                0x00000000080068cc       0x2c ../DaisyExamples/libDaisy//build/libdaisy.a(usbd_cdc_if.o)
                0x00000000080068cc                CDC_Transmit_FS
 .text.CDC_Set_Rx_Callback_FS
                0x00000000080068f8        0xc ../DaisyExamples/libDaisy//build/libdaisy.a(usbd_cdc_if.o)
                0x00000000080068f8                CDC_Set_Rx_Callback_FS
 .text.CDC_Set_Rx_Callback_HS
                0x0000000008006904        0xc ../DaisyExamples/libDaisy//build/libdaisy.a(usbd_cdc_if.o)
                0x0000000008006904                CDC_Set_Rx_Callback_HS
 .text.HAL_PCD_MspInit
                0x0000000008006910      0x144 ../DaisyExamples/libDaisy//build/libdaisy.a(usbd_conf.o)
                0x0000000008006910                HAL_PCD_MspInit
 .text.HAL_PCD_SetupStageCallback
                0x0000000008006a54        0xc ../DaisyExamples/libDaisy//build/libdaisy.a(usbd_conf.o)
                0x0000000008006a54                HAL_PCD_SetupStageCallback
 .text.HAL_PCD_DataOutStageCallback
                0x0000000008006a60       0x14 ../DaisyExamples/libDaisy//build/libdaisy.a(usbd_conf.o)
                0x0000000008006a60                HAL_PCD_DataOutStageCallback
 .text.HAL_PCD_DataInStageCallback
                0x0000000008006a74       0x14 ../DaisyExamples/libDaisy//build/libdaisy.a(usbd_conf.o)
                0x0000000008006a74                HAL_PCD_DataInStageCallback
 .text.HAL_PCD_SOFCallback
                0x0000000008006a88        0x8 ../DaisyExamples/libDaisy//build/libdaisy.a(usbd_conf.o)
                0x0000000008006a88                HAL_PCD_SOFCallback
 .text.HAL_PCD_ResetCallback
                0x0000000008006a90       0x24 ../DaisyExamples/libDaisy//build/libdaisy.a(usbd_conf.o)
                0x0000000008006a90                HAL_PCD_ResetCallback
 .text.HAL_PCD_SuspendCallback
                0x0000000008006ab4       0x30 ../DaisyExamples/libDaisy//build/libdaisy.a(usbd_conf.o)
                0x0000000008006ab4                HAL_PCD_SuspendCallback
 .text.HAL_PCD_ResumeCallback
                0x0000000008006ae4        0x8 ../DaisyExamples/libDaisy//build/libdaisy.a(usbd_conf.o)
                0x0000000008006ae4                HAL_PCD_ResumeCallback
 .text.HAL_PCD_ISOOUTIncompleteCallback
                0x0000000008006aec        0x8 ../DaisyExamples/libDaisy//build/libdaisy.a(usbd_conf.o)
                0x0000000008006aec                HAL_PCD_ISOOUTIncompleteCallback
 .text.HAL_PCD_ISOINIncompleteCallback
                0x0000000008006af4        0x8 ../DaisyExamples/libDaisy//build/libdaisy.a(usbd_conf.o)
                0x0000000008006af4                HAL_PCD_ISOINIncompleteCallback
 .text.HAL_PCD_ConnectCallback
                0x0000000008006afc        0x8 ../DaisyExamples/libDaisy//build/libdaisy.a(usbd_conf.o)
                0x0000000008006afc                HAL_PCD_ConnectCallback
 .text.HAL_PCD_DisconnectCallback
                0x0000000008006b04        0x8 ../DaisyExamples/libDaisy//build/libdaisy.a(usbd_conf.o)
                0x0000000008006b04                HAL_PCD_DisconnectCallback
 .text.USBD_LL_Init
                0x0000000008006b0c       0xe4 ../DaisyExamples/libDaisy//build/libdaisy.a(usbd_conf.o)
                0x0000000008006b0c                USBD_LL_Init
 .text.USBD_LL_Start
                0x0000000008006bf0       0x1c ../DaisyExamples/libDaisy//build/libdaisy.a(usbd_conf.o)
                0x0000000008006bf0                USBD_LL_Start
 .text.USBD_LL_OpenEP
                0x0000000008006c0c       0x24 ../DaisyExamples/libDaisy//build/libdaisy.a(usbd_conf.o)
                0x0000000008006c0c                USBD_LL_OpenEP
 .text.USBD_LL_CloseEP
                0x0000000008006c30       0x1c ../DaisyExamples/libDaisy//build/libdaisy.a(usbd_conf.o)
                0x0000000008006c30                USBD_LL_CloseEP
 .text.USBD_LL_StallEP
                0x0000000008006c4c       0x1c ../DaisyExamples/libDaisy//build/libdaisy.a(usbd_conf.o)
                0x0000000008006c4c                USBD_LL_StallEP
 .text.USBD_LL_ClearStallEP
                0x0000000008006c68       0x1c ../DaisyExamples/libDaisy//build/libdaisy.a(usbd_conf.o)
                0x0000000008006c68                USBD_LL_ClearStallEP
 .text.USBD_LL_IsStallEP
                0x0000000008006c84       0x28 ../DaisyExamples/libDaisy//build/libdaisy.a(usbd_conf.o)
                0x0000000008006c84                USBD_LL_IsStallEP
 .text.USBD_LL_SetUSBAddress
                0x0000000008006cac       0x1c ../DaisyExamples/libDaisy//build/libdaisy.a(usbd_conf.o)
                0x0000000008006cac                USBD_LL_SetUSBAddress
 .text.USBD_LL_Transmit
                0x0000000008006cc8       0x1c ../DaisyExamples/libDaisy//build/libdaisy.a(usbd_conf.o)
                0x0000000008006cc8                USBD_LL_Transmit
 .text.USBD_LL_PrepareReceive
                0x0000000008006ce4       0x1c ../DaisyExamples/libDaisy//build/libdaisy.a(usbd_conf.o)
                0x0000000008006ce4                USBD_LL_PrepareReceive
 .text.USBD_LL_GetRxDataSize
                0x0000000008006d00        0x8 ../DaisyExamples/libDaisy//build/libdaisy.a(usbd_conf.o)
                0x0000000008006d00                USBD_LL_GetRxDataSize
 .text.USBD_HS_DeviceDescriptor
                0x0000000008006d08        0xc ../DaisyExamples/libDaisy//build/libdaisy.a(usbd_desc.o)
                0x0000000008006d08                USBD_HS_DeviceDescriptor
 .text.USBD_FS_DeviceDescriptor
                0x0000000008006d14        0xc ../DaisyExamples/libDaisy//build/libdaisy.a(usbd_desc.o)
                0x0000000008006d14                USBD_FS_DeviceDescriptor
 .text.USBD_FS_LangIDStrDescriptor
                0x0000000008006d20        0xc ../DaisyExamples/libDaisy//build/libdaisy.a(usbd_desc.o)
                0x0000000008006d20                USBD_FS_LangIDStrDescriptor
 .text.USBD_FS_ManufacturerStrDescriptor
                0x0000000008006d2c       0x1c ../DaisyExamples/libDaisy//build/libdaisy.a(usbd_desc.o)
                0x0000000008006d2c                USBD_FS_ManufacturerStrDescriptor
 .text.USBD_HS_ProductStrDescriptor
                0x0000000008006d48       0x1c ../DaisyExamples/libDaisy//build/libdaisy.a(usbd_desc.o)
                0x0000000008006d48                USBD_HS_ProductStrDescriptor
 .text.USBD_FS_ConfigStrDescriptor
                0x0000000008006d64       0x1c ../DaisyExamples/libDaisy//build/libdaisy.a(usbd_desc.o)
                0x0000000008006d64                USBD_FS_ConfigStrDescriptor
 .text.USBD_FS_InterfaceStrDescriptor
                0x0000000008006d80       0x1c ../DaisyExamples/libDaisy//build/libdaisy.a(usbd_desc.o)
                0x0000000008006d80                USBD_FS_InterfaceStrDescriptor
 .text.USBD_FS_ProductStrDescriptor
                0x0000000008006d9c       0x1c ../DaisyExamples/libDaisy//build/libdaisy.a(usbd_desc.o)
                0x0000000008006d9c                USBD_FS_ProductStrDescriptor
 .text.USBD_HS_LangIDStrDescriptor
                0x0000000008006db8        0xc ../DaisyExamples/libDaisy//build/libdaisy.a(usbd_desc.o)
                0x0000000008006db8                USBD_HS_LangIDStrDescriptor
 .text.USBD_HS_ManufacturerStrDescriptor
                0x0000000008006dc4       0x1c ../DaisyExamples/libDaisy//build/libdaisy.a(usbd_desc.o)
                0x0000000008006dc4                USBD_HS_ManufacturerStrDescriptor
 .text.USBD_FS_SerialStrDescriptor
                0x0000000008006de0      0x124 ../DaisyExamples/libDaisy//build/libdaisy.a(usbd_desc.o)
                0x0000000008006de0                USBD_FS_SerialStrDescriptor
 .text.USBD_HS_SerialStrDescriptor
                0x0000000008006f04      0x124 ../DaisyExamples/libDaisy//build/libdaisy.a(usbd_desc.o)
                0x0000000008006f04                USBD_HS_SerialStrDescriptor
 .text.USBD_HS_InterfaceStrDescriptor
                0x0000000008007028       0x1c ../DaisyExamples/libDaisy//build/libdaisy.a(usbd_desc.o)
                0x0000000008007028                USBD_HS_InterfaceStrDescriptor
 .text.USBD_HS_ConfigStrDescriptor
                0x0000000008007044       0x1c ../DaisyExamples/libDaisy//build/libdaisy.a(usbd_desc.o)
                0x0000000008007044                USBD_HS_ConfigStrDescriptor
 .text.HAL_HCD_SOF_Callback
                0x0000000008007060        0x8 ../DaisyExamples/libDaisy//build/libdaisy.a(usbh_conf.o)
                0x0000000008007060                HAL_HCD_SOF_Callback
 .text.HAL_HCD_Connect_Callback
                0x0000000008007068        0x8 ../DaisyExamples/libDaisy//build/libdaisy.a(usbh_conf.o)
                0x0000000008007068                HAL_HCD_Connect_Callback
 .text.HAL_HCD_Disconnect_Callback
                0x0000000008007070        0x8 ../DaisyExamples/libDaisy//build/libdaisy.a(usbh_conf.o)
                0x0000000008007070                HAL_HCD_Disconnect_Callback
 .text.HAL_HCD_HC_NotifyURBChange_Callback
                0x0000000008007078        0x4 ../DaisyExamples/libDaisy//build/libdaisy.a(usbh_conf.o)
                0x0000000008007078                HAL_HCD_HC_NotifyURBChange_Callback
 .text.HAL_HCD_PortEnabled_Callback
                0x000000000800707c        0x8 ../DaisyExamples/libDaisy//build/libdaisy.a(usbh_conf.o)
                0x000000000800707c                HAL_HCD_PortEnabled_Callback
 .text.HAL_HCD_PortDisabled_Callback
                0x0000000008007084        0x8 ../DaisyExamples/libDaisy//build/libdaisy.a(usbh_conf.o)
                0x0000000008007084                HAL_HCD_PortDisabled_Callback
 .text.USBH_LL_Stop
                0x000000000800708c       0x1c ../DaisyExamples/libDaisy//build/libdaisy.a(usbh_conf.o)
                0x000000000800708c                USBH_LL_Stop
 .text._ZN5daisy5Color4InitENS0_11PresetColorE
                0x00000000080070a8       0x20 ../DaisyExamples/libDaisy//build/libdaisy.a(color.o)
                0x00000000080070a8                daisy::Color::Init(daisy::Color::PresetColor)
 .text.dsy_hal_map_get_port
                0x00000000080070c8       0x10 ../DaisyExamples/libDaisy//build/libdaisy.a(hal_map.o)
                0x00000000080070c8                dsy_hal_map_get_port
 .text.dsy_hal_map_get_pin
                0x00000000080070d8       0x10 ../DaisyExamples/libDaisy//build/libdaisy.a(hal_map.o)
                0x00000000080070d8                dsy_hal_map_get_pin
 .text.dsy_hal_map_gpio_clk_enable
                0x00000000080070e8      0x150 ../DaisyExamples/libDaisy//build/libdaisy.a(hal_map.o)
                0x00000000080070e8                dsy_hal_map_gpio_clk_enable
 .text.HAL_MspInit
                0x0000000008007238        0x4 ../DaisyExamples/libDaisy//build/libdaisy.a(stm32h7xx_hal.o)
                0x0000000008007238                HAL_MspInit
 .text.HAL_InitTick
                0x000000000800723c       0x4c ../DaisyExamples/libDaisy//build/libdaisy.a(stm32h7xx_hal.o)
                0x000000000800723c                HAL_InitTick
 .text.HAL_Init
                0x0000000008007288       0x60 ../DaisyExamples/libDaisy//build/libdaisy.a(stm32h7xx_hal.o)
                0x0000000008007288                HAL_Init
 .text.HAL_IncTick
                0x00000000080072e8       0x18 ../DaisyExamples/libDaisy//build/libdaisy.a(stm32h7xx_hal.o)
                0x00000000080072e8                HAL_IncTick
 .text.HAL_GetTick
                0x0000000008007300        0xc ../DaisyExamples/libDaisy//build/libdaisy.a(stm32h7xx_hal.o)
                0x0000000008007300                HAL_GetTick
 .text.HAL_Delay
                0x000000000800730c       0x24 ../DaisyExamples/libDaisy//build/libdaisy.a(stm32h7xx_hal.o)
                0x000000000800730c                HAL_Delay
 .text.HAL_GetREVID
                0x0000000008007330        0xc ../DaisyExamples/libDaisy//build/libdaisy.a(stm32h7xx_hal.o)
                0x0000000008007330                HAL_GetREVID
 .text.HAL_ADC_ConvHalfCpltCallback
                0x000000000800733c        0x4 ../DaisyExamples/libDaisy//build/libdaisy.a(stm32h7xx_hal_adc.o)
                0x000000000800733c                HAL_ADC_ConvHalfCpltCallback
 .text.ADC_DMAHalfConvCplt
                0x0000000008007340        0xc ../DaisyExamples/libDaisy//build/libdaisy.a(stm32h7xx_hal_adc.o)
                0x0000000008007340                ADC_DMAHalfConvCplt
 .text.ADC_DMAConvCplt
                0x000000000800734c       0x6c ../DaisyExamples/libDaisy//build/libdaisy.a(stm32h7xx_hal_adc.o)
                0x000000000800734c                ADC_DMAConvCplt
 .text.ADC_DMAError
                0x00000000080073b8       0x1c ../DaisyExamples/libDaisy//build/libdaisy.a(stm32h7xx_hal_adc.o)
                0x00000000080073b8                ADC_DMAError
 .text.HAL_ADC_ConfigChannel
                0x00000000080073d4      0x3fc ../DaisyExamples/libDaisy//build/libdaisy.a(stm32h7xx_hal_adc.o)
                0x00000000080073d4                HAL_ADC_ConfigChannel
 .text.ADC_Enable
                0x00000000080077d0       0xac ../DaisyExamples/libDaisy//build/libdaisy.a(stm32h7xx_hal_adc.o)
                0x00000000080077d0                ADC_Enable
 .text.HAL_ADC_Start_DMA
                0x000000000800787c      0x114 ../DaisyExamples/libDaisy//build/libdaisy.a(stm32h7xx_hal_adc.o)
                0x000000000800787c                HAL_ADC_Start_DMA
 .text.ADC_Disable
                0x0000000008007990       0x68 ../DaisyExamples/libDaisy//build/libdaisy.a(stm32h7xx_hal_adc.o)
                0x0000000008007990                ADC_Disable
 .text.ADC_ConfigureBoostMode
                0x00000000080079f8      0x184 ../DaisyExamples/libDaisy//build/libdaisy.a(stm32h7xx_hal_adc.o)
                0x00000000080079f8                ADC_ConfigureBoostMode
 .text.HAL_ADC_Init
                0x0000000008007b7c      0x218 ../DaisyExamples/libDaisy//build/libdaisy.a(stm32h7xx_hal_adc.o)
                0x0000000008007b7c                HAL_ADC_Init
 .text.HAL_ADCEx_Calibration_Start
                0x0000000008007d94       0xa4 ../DaisyExamples/libDaisy//build/libdaisy.a(stm32h7xx_hal_adc_ex.o)
                0x0000000008007d94                HAL_ADCEx_Calibration_Start
 .text.HAL_ADCEx_MultiModeConfigChannel
                0x0000000008007e38       0xc4 ../DaisyExamples/libDaisy//build/libdaisy.a(stm32h7xx_hal_adc_ex.o)
                0x0000000008007e38                HAL_ADCEx_MultiModeConfigChannel
 .text.HAL_NVIC_SetPriorityGrouping
                0x0000000008007efc       0x24 ../DaisyExamples/libDaisy//build/libdaisy.a(stm32h7xx_hal_cortex.o)
                0x0000000008007efc                HAL_NVIC_SetPriorityGrouping
 .text.HAL_NVIC_SetPriority
                0x0000000008007f20       0x7c ../DaisyExamples/libDaisy//build/libdaisy.a(stm32h7xx_hal_cortex.o)
                0x0000000008007f20                HAL_NVIC_SetPriority
 .text.HAL_NVIC_EnableIRQ
                0x0000000008007f9c       0x1c ../DaisyExamples/libDaisy//build/libdaisy.a(stm32h7xx_hal_cortex.o)
                0x0000000008007f9c                HAL_NVIC_EnableIRQ
 .text.HAL_NVIC_DisableIRQ
                0x0000000008007fb8       0x28 ../DaisyExamples/libDaisy//build/libdaisy.a(stm32h7xx_hal_cortex.o)
                0x0000000008007fb8                HAL_NVIC_DisableIRQ
 .text.HAL_SYSTICK_Config
                0x0000000008007fe0       0x2c ../DaisyExamples/libDaisy//build/libdaisy.a(stm32h7xx_hal_cortex.o)
                0x0000000008007fe0                HAL_SYSTICK_Config
 .text.HAL_MPU_Disable
                0x000000000800800c       0x1c ../DaisyExamples/libDaisy//build/libdaisy.a(stm32h7xx_hal_cortex.o)
                0x000000000800800c                HAL_MPU_Disable
 .text.HAL_MPU_Enable
                0x0000000008008028       0x20 ../DaisyExamples/libDaisy//build/libdaisy.a(stm32h7xx_hal_cortex.o)
                0x0000000008008028                HAL_MPU_Enable
 .text.HAL_MPU_ConfigRegion
                0x0000000008008048       0x64 ../DaisyExamples/libDaisy//build/libdaisy.a(stm32h7xx_hal_cortex.o)
                0x0000000008008048                HAL_MPU_ConfigRegion
 .text.HAL_SYSTICK_Callback
                0x00000000080080ac        0x4 ../DaisyExamples/libDaisy//build/libdaisy.a(stm32h7xx_hal_cortex.o)
                0x00000000080080ac                HAL_SYSTICK_Callback
 .text.HAL_SYSTICK_IRQHandler
                0x00000000080080b0        0x8 ../DaisyExamples/libDaisy//build/libdaisy.a(stm32h7xx_hal_cortex.o)
                0x00000000080080b0                HAL_SYSTICK_IRQHandler
 .text.DMA_CalcBaseAndBitshift
                0x00000000080080b8       0xf4 ../DaisyExamples/libDaisy//build/libdaisy.a(stm32h7xx_hal_dma.o)
 .text.DMA_CalcDMAMUXChannelBaseAndMask
                0x00000000080081ac       0xd8 ../DaisyExamples/libDaisy//build/libdaisy.a(stm32h7xx_hal_dma.o)
 .text.HAL_DMA_Init
                0x0000000008008284      0x37c ../DaisyExamples/libDaisy//build/libdaisy.a(stm32h7xx_hal_dma.o)
                0x0000000008008284                HAL_DMA_Init
 .text.HAL_DMA_Start_IT
                0x0000000008008600      0x240 ../DaisyExamples/libDaisy//build/libdaisy.a(stm32h7xx_hal_dma.o)
                0x0000000008008600                HAL_DMA_Start_IT
 .text.HAL_DMA_Abort_IT
                0x0000000008008840      0x134 ../DaisyExamples/libDaisy//build/libdaisy.a(stm32h7xx_hal_dma.o)
                0x0000000008008840                HAL_DMA_Abort_IT
 .text.HAL_DMA_IRQHandler
                0x0000000008008974      0x6a0 ../DaisyExamples/libDaisy//build/libdaisy.a(stm32h7xx_hal_dma.o)
                0x0000000008008974                HAL_DMA_IRQHandler
 .text.HAL_DMA_GetError
                0x0000000008009014        0x4 ../DaisyExamples/libDaisy//build/libdaisy.a(stm32h7xx_hal_dma.o)
                0x0000000008009014                HAL_DMA_GetError
 .text.HAL_GPIO_Init
                0x0000000008009018      0x280 ../DaisyExamples/libDaisy//build/libdaisy.a(stm32h7xx_hal_gpio.o)
                0x0000000008009018                HAL_GPIO_Init
 .text.HAL_GPIO_DeInit
                0x0000000008009298      0x190 ../DaisyExamples/libDaisy//build/libdaisy.a(stm32h7xx_hal_gpio.o)
                0x0000000008009298                HAL_GPIO_DeInit
 .text.HAL_GPIO_ReadPin
                0x0000000008009428        0xc ../DaisyExamples/libDaisy//build/libdaisy.a(stm32h7xx_hal_gpio.o)
                0x0000000008009428                HAL_GPIO_ReadPin
 .text.HAL_GPIO_WritePin
                0x0000000008009434        0x8 ../DaisyExamples/libDaisy//build/libdaisy.a(stm32h7xx_hal_gpio.o)
                0x0000000008009434                HAL_GPIO_WritePin
 .text.HAL_HCD_IRQHandler
                0x000000000800943c      0x780 ../DaisyExamples/libDaisy//build/libdaisy.a(stm32h7xx_hal_hcd.o)
                0x000000000800943c                HAL_HCD_IRQHandler
 .text.HAL_HCD_Stop
                0x0000000008009bbc       0x28 ../DaisyExamples/libDaisy//build/libdaisy.a(stm32h7xx_hal_hcd.o)
                0x0000000008009bbc                HAL_HCD_Stop
 .text.I2C_WaitOnTXISFlagUntilTimeout
                0x0000000008009be4       0xb8 ../DaisyExamples/libDaisy//build/libdaisy.a(stm32h7xx_hal_i2c.o)
 .text.I2C_WaitOnSTOPFlagUntilTimeout
                0x0000000008009c9c       0xac ../DaisyExamples/libDaisy//build/libdaisy.a(stm32h7xx_hal_i2c.o)
 .text.HAL_I2C_Init
                0x0000000008009d48       0xac ../DaisyExamples/libDaisy//build/libdaisy.a(stm32h7xx_hal_i2c.o)
                0x0000000008009d48                HAL_I2C_Init
 .text.HAL_I2C_Master_Transmit
                0x0000000008009df4      0x1a8 ../DaisyExamples/libDaisy//build/libdaisy.a(stm32h7xx_hal_i2c.o)
                0x0000000008009df4                HAL_I2C_Master_Transmit
 .text.HAL_I2C_Slave_Transmit
                0x0000000008009f9c      0x1c8 ../DaisyExamples/libDaisy//build/libdaisy.a(stm32h7xx_hal_i2c.o)
                0x0000000008009f9c                HAL_I2C_Slave_Transmit
 .text.HAL_I2C_EV_IRQHandler
                0x000000000800a164       0x10 ../DaisyExamples/libDaisy//build/libdaisy.a(stm32h7xx_hal_i2c.o)
                0x000000000800a164                HAL_I2C_EV_IRQHandler
 .text.HAL_I2C_GetState
                0x000000000800a174        0x8 ../DaisyExamples/libDaisy//build/libdaisy.a(stm32h7xx_hal_i2c.o)
                0x000000000800a174                HAL_I2C_GetState
 .text.HAL_I2CEx_ConfigAnalogFilter
                0x000000000800a17c       0x54 ../DaisyExamples/libDaisy//build/libdaisy.a(stm32h7xx_hal_i2c_ex.o)
                0x000000000800a17c                HAL_I2CEx_ConfigAnalogFilter
 .text.HAL_I2CEx_ConfigDigitalFilter
                0x000000000800a1d0       0x58 ../DaisyExamples/libDaisy//build/libdaisy.a(stm32h7xx_hal_i2c_ex.o)
                0x000000000800a1d0                HAL_I2CEx_ConfigDigitalFilter
 .text.HAL_PCD_Init
                0x000000000800a228      0x12c ../DaisyExamples/libDaisy//build/libdaisy.a(stm32h7xx_hal_pcd.o)
                0x000000000800a228                HAL_PCD_Init
 .text.HAL_PCD_Start
                0x000000000800a354       0x44 ../DaisyExamples/libDaisy//build/libdaisy.a(stm32h7xx_hal_pcd.o)
                0x000000000800a354                HAL_PCD_Start
 .text.HAL_PCD_IRQHandler
                0x000000000800a398      0x69c ../DaisyExamples/libDaisy//build/libdaisy.a(stm32h7xx_hal_pcd.o)
                0x000000000800a398                HAL_PCD_IRQHandler
 .text.HAL_PCD_SetAddress
                0x000000000800aa34       0x2c ../DaisyExamples/libDaisy//build/libdaisy.a(stm32h7xx_hal_pcd.o)
                0x000000000800aa34                HAL_PCD_SetAddress
 .text.HAL_PCD_EP_Open
                0x000000000800aa60       0x7c ../DaisyExamples/libDaisy//build/libdaisy.a(stm32h7xx_hal_pcd.o)
                0x000000000800aa60                HAL_PCD_EP_Open
 .text.HAL_PCD_EP_Close
                0x000000000800aadc       0x6c ../DaisyExamples/libDaisy//build/libdaisy.a(stm32h7xx_hal_pcd.o)
                0x000000000800aadc                HAL_PCD_EP_Close
 .text.HAL_PCD_EP_Receive
                0x000000000800ab48       0x50 ../DaisyExamples/libDaisy//build/libdaisy.a(stm32h7xx_hal_pcd.o)
                0x000000000800ab48                HAL_PCD_EP_Receive
 .text.HAL_PCD_EP_GetRxCount
                0x000000000800ab98       0x14 ../DaisyExamples/libDaisy//build/libdaisy.a(stm32h7xx_hal_pcd.o)
                0x000000000800ab98                HAL_PCD_EP_GetRxCount
 .text.HAL_PCD_EP_Transmit
                0x000000000800abac       0x50 ../DaisyExamples/libDaisy//build/libdaisy.a(stm32h7xx_hal_pcd.o)
                0x000000000800abac                HAL_PCD_EP_Transmit
 .text.HAL_PCD_EP_SetStall
                0x000000000800abfc       0x88 ../DaisyExamples/libDaisy//build/libdaisy.a(stm32h7xx_hal_pcd.o)
                0x000000000800abfc                HAL_PCD_EP_SetStall
 .text.HAL_PCD_EP_ClrStall
                0x000000000800ac84       0x78 ../DaisyExamples/libDaisy//build/libdaisy.a(stm32h7xx_hal_pcd.o)
                0x000000000800ac84                HAL_PCD_EP_ClrStall
 .text.HAL_PCDEx_SetTxFiFo
                0x000000000800acfc       0x54 ../DaisyExamples/libDaisy//build/libdaisy.a(stm32h7xx_hal_pcd_ex.o)
                0x000000000800acfc                HAL_PCDEx_SetTxFiFo
 .text.HAL_PCDEx_SetRxFiFo
                0x000000000800ad50        0xc ../DaisyExamples/libDaisy//build/libdaisy.a(stm32h7xx_hal_pcd_ex.o)
                0x000000000800ad50                HAL_PCDEx_SetRxFiFo
 .text.HAL_PCDEx_ActivateLPM
                0x000000000800ad5c       0x30 ../DaisyExamples/libDaisy//build/libdaisy.a(stm32h7xx_hal_pcd_ex.o)
                0x000000000800ad5c                HAL_PCDEx_ActivateLPM
 .text.HAL_PCDEx_LPM_Callback
                0x000000000800ad8c        0x4 ../DaisyExamples/libDaisy//build/libdaisy.a(stm32h7xx_hal_pcd_ex.o)
                0x000000000800ad8c                HAL_PCDEx_LPM_Callback
 .text.HAL_PWREx_ConfigSupply
                0x000000000800ad90       0x4c ../DaisyExamples/libDaisy//build/libdaisy.a(stm32h7xx_hal_pwr_ex.o)
                0x000000000800ad90                HAL_PWREx_ConfigSupply
 .text.HAL_PWREx_EnableUSBVoltageDetector
                0x000000000800addc       0x10 ../DaisyExamples/libDaisy//build/libdaisy.a(stm32h7xx_hal_pwr_ex.o)
                0x000000000800addc                HAL_PWREx_EnableUSBVoltageDetector
 .text.QSPI_Config
                0x000000000800adec      0x174 ../DaisyExamples/libDaisy//build/libdaisy.a(stm32h7xx_hal_qspi.o)
 .text.HAL_QSPI_Init
                0x000000000800af60       0xd8 ../DaisyExamples/libDaisy//build/libdaisy.a(stm32h7xx_hal_qspi.o)
                0x000000000800af60                HAL_QSPI_Init
 .text.HAL_QSPI_DeInit
                0x000000000800b038       0x3c ../DaisyExamples/libDaisy//build/libdaisy.a(stm32h7xx_hal_qspi.o)
                0x000000000800b038                HAL_QSPI_DeInit
 .text.HAL_QSPI_Command
                0x000000000800b074       0xd4 ../DaisyExamples/libDaisy//build/libdaisy.a(stm32h7xx_hal_qspi.o)
                0x000000000800b074                HAL_QSPI_Command
 .text.HAL_QSPI_Transmit
                0x000000000800b148       0xfc ../DaisyExamples/libDaisy//build/libdaisy.a(stm32h7xx_hal_qspi.o)
                0x000000000800b148                HAL_QSPI_Transmit
 .text.HAL_QSPI_Receive
                0x000000000800b244      0x108 ../DaisyExamples/libDaisy//build/libdaisy.a(stm32h7xx_hal_qspi.o)
                0x000000000800b244                HAL_QSPI_Receive
 .text.HAL_QSPI_AutoPolling
                0x000000000800b34c       0xf0 ../DaisyExamples/libDaisy//build/libdaisy.a(stm32h7xx_hal_qspi.o)
                0x000000000800b34c                HAL_QSPI_AutoPolling
 .text.HAL_QSPI_MemoryMapped
                0x000000000800b43c       0xc0 ../DaisyExamples/libDaisy//build/libdaisy.a(stm32h7xx_hal_qspi.o)
                0x000000000800b43c                HAL_QSPI_MemoryMapped
 .text.HAL_QSPI_ErrorCallback
                0x000000000800b4fc        0x4 ../DaisyExamples/libDaisy//build/libdaisy.a(stm32h7xx_hal_qspi.o)
                0x000000000800b4fc                HAL_QSPI_ErrorCallback
 .text.QSPI_DMAAbortCplt
                0x000000000800b500       0x38 ../DaisyExamples/libDaisy//build/libdaisy.a(stm32h7xx_hal_qspi.o)
 .text.HAL_QSPI_AbortCpltCallback
                0x000000000800b538        0x4 ../DaisyExamples/libDaisy//build/libdaisy.a(stm32h7xx_hal_qspi.o)
                0x000000000800b538                HAL_QSPI_AbortCpltCallback
 .text.HAL_QSPI_CmdCpltCallback
                0x000000000800b53c        0x4 ../DaisyExamples/libDaisy//build/libdaisy.a(stm32h7xx_hal_qspi.o)
                0x000000000800b53c                HAL_QSPI_CmdCpltCallback
 .text.HAL_QSPI_RxCpltCallback
                0x000000000800b540        0x4 ../DaisyExamples/libDaisy//build/libdaisy.a(stm32h7xx_hal_qspi.o)
                0x000000000800b540                HAL_QSPI_RxCpltCallback
 .text.HAL_QSPI_TxCpltCallback
                0x000000000800b544        0x4 ../DaisyExamples/libDaisy//build/libdaisy.a(stm32h7xx_hal_qspi.o)
                0x000000000800b544                HAL_QSPI_TxCpltCallback
 .text.HAL_QSPI_FifoThresholdCallback
                0x000000000800b548        0x4 ../DaisyExamples/libDaisy//build/libdaisy.a(stm32h7xx_hal_qspi.o)
                0x000000000800b548                HAL_QSPI_FifoThresholdCallback
 .text.HAL_QSPI_StatusMatchCallback
                0x000000000800b54c        0x4 ../DaisyExamples/libDaisy//build/libdaisy.a(stm32h7xx_hal_qspi.o)
                0x000000000800b54c                HAL_QSPI_StatusMatchCallback
 .text.HAL_QSPI_TimeOutCallback
                0x000000000800b550        0x4 ../DaisyExamples/libDaisy//build/libdaisy.a(stm32h7xx_hal_qspi.o)
                0x000000000800b550                HAL_QSPI_TimeOutCallback
 .text.HAL_QSPI_IRQHandler
                0x000000000800b554      0x210 ../DaisyExamples/libDaisy//build/libdaisy.a(stm32h7xx_hal_qspi.o)
                0x000000000800b554                HAL_QSPI_IRQHandler
 .text.HAL_RCC_OscConfig
                0x000000000800b764      0x51c ../DaisyExamples/libDaisy//build/libdaisy.a(stm32h7xx_hal_rcc.o)
                0x000000000800b764                HAL_RCC_OscConfig
 .text.HAL_RCC_GetSysClockFreq
                0x000000000800bc80      0x140 ../DaisyExamples/libDaisy//build/libdaisy.a(stm32h7xx_hal_rcc.o)
                0x000000000800bc80                HAL_RCC_GetSysClockFreq
 .text.HAL_RCC_ClockConfig
                0x000000000800bdc0      0x234 ../DaisyExamples/libDaisy//build/libdaisy.a(stm32h7xx_hal_rcc.o)
                0x000000000800bdc0                HAL_RCC_ClockConfig
 .text.HAL_RCC_GetHCLKFreq
                0x000000000800bff4       0x2c ../DaisyExamples/libDaisy//build/libdaisy.a(stm32h7xx_hal_rcc.o)
                0x000000000800bff4                HAL_RCC_GetHCLKFreq
 .text.HAL_RCC_GetPCLK1Freq
                0x000000000800c020       0x38 ../DaisyExamples/libDaisy//build/libdaisy.a(stm32h7xx_hal_rcc.o)
                0x000000000800c020                HAL_RCC_GetPCLK1Freq
 .text.HAL_RCC_GetPCLK2Freq
                0x000000000800c058       0x38 ../DaisyExamples/libDaisy//build/libdaisy.a(stm32h7xx_hal_rcc.o)
                0x000000000800c058                HAL_RCC_GetPCLK2Freq
 .text.RCCEx_PLL2_Config
                0x000000000800c090       0xf4 ../DaisyExamples/libDaisy//build/libdaisy.a(stm32h7xx_hal_rcc_ex.o)
 .text.RCCEx_PLL3_Config
                0x000000000800c184       0xf4 ../DaisyExamples/libDaisy//build/libdaisy.a(stm32h7xx_hal_rcc_ex.o)
 .text.HAL_RCCEx_PeriphCLKConfig
                0x000000000800c278      0xa7c ../DaisyExamples/libDaisy//build/libdaisy.a(stm32h7xx_hal_rcc_ex.o)
                0x000000000800c278                HAL_RCCEx_PeriphCLKConfig
 .text.HAL_RCCEx_GetD3PCLK1Freq
                0x000000000800ccf4       0x24 ../DaisyExamples/libDaisy//build/libdaisy.a(stm32h7xx_hal_rcc_ex.o)
                0x000000000800ccf4                HAL_RCCEx_GetD3PCLK1Freq
 .text.HAL_RCCEx_GetPLL2ClockFreq
                0x000000000800cd18      0x17c ../DaisyExamples/libDaisy//build/libdaisy.a(stm32h7xx_hal_rcc_ex.o)
                0x000000000800cd18                HAL_RCCEx_GetPLL2ClockFreq
 .text.HAL_RCCEx_GetPLL3ClockFreq
                0x000000000800ce94      0x17c ../DaisyExamples/libDaisy//build/libdaisy.a(stm32h7xx_hal_rcc_ex.o)
                0x000000000800ce94                HAL_RCCEx_GetPLL3ClockFreq
 .text.HAL_RCCEx_GetPLL1ClockFreq
                0x000000000800d010      0x17c ../DaisyExamples/libDaisy//build/libdaisy.a(stm32h7xx_hal_rcc_ex.o)
                0x000000000800d010                HAL_RCCEx_GetPLL1ClockFreq
 .text.HAL_RCCEx_GetPeriphCLKFreq
                0x000000000800d18c      0x198 ../DaisyExamples/libDaisy//build/libdaisy.a(stm32h7xx_hal_rcc_ex.o)
                0x000000000800d18c                HAL_RCCEx_GetPeriphCLKFreq
 .text.HAL_RCCEx_GetD1SysClockFreq
                0x000000000800d324       0x2c ../DaisyExamples/libDaisy//build/libdaisy.a(stm32h7xx_hal_rcc_ex.o)
                0x000000000800d324                HAL_RCCEx_GetD1SysClockFreq
 .text.HAL_SAI_Init.part.0
                0x000000000800d350      0x348 ../DaisyExamples/libDaisy//build/libdaisy.a(stm32h7xx_hal_sai.o)
 .text.HAL_SAI_InitProtocol
                0x000000000800d698      0x178 ../DaisyExamples/libDaisy//build/libdaisy.a(stm32h7xx_hal_sai.o)
                0x000000000800d698                HAL_SAI_InitProtocol
 .text.HAL_SAI_Transmit_DMA
                0x000000000800d810      0x124 ../DaisyExamples/libDaisy//build/libdaisy.a(stm32h7xx_hal_sai.o)
                0x000000000800d810                HAL_SAI_Transmit_DMA
 .text.HAL_SAI_Receive_DMA
                0x000000000800d934       0xd0 ../DaisyExamples/libDaisy//build/libdaisy.a(stm32h7xx_hal_sai.o)
                0x000000000800d934                HAL_SAI_Receive_DMA
 .text.HAL_SAI_TxCpltCallback
                0x000000000800da04        0x4 ../DaisyExamples/libDaisy//build/libdaisy.a(stm32h7xx_hal_sai.o)
                0x000000000800da04                HAL_SAI_TxCpltCallback
 .text.SAI_DMATxCplt
                0x000000000800da08       0x64 ../DaisyExamples/libDaisy//build/libdaisy.a(stm32h7xx_hal_sai.o)
 .text.HAL_SAI_TxHalfCpltCallback
                0x000000000800da6c        0x4 ../DaisyExamples/libDaisy//build/libdaisy.a(stm32h7xx_hal_sai.o)
                0x000000000800da6c                HAL_SAI_TxHalfCpltCallback
 .text.SAI_DMATxHalfCplt
                0x000000000800da70        0xc ../DaisyExamples/libDaisy//build/libdaisy.a(stm32h7xx_hal_sai.o)
 .text.SAI_DMARxCplt
                0x000000000800da7c       0x64 ../DaisyExamples/libDaisy//build/libdaisy.a(stm32h7xx_hal_sai.o)
 .text.SAI_DMARxHalfCplt
                0x000000000800dae0        0xc ../DaisyExamples/libDaisy//build/libdaisy.a(stm32h7xx_hal_sai.o)
 .text.HAL_SAI_ErrorCallback
                0x000000000800daec        0x4 ../DaisyExamples/libDaisy//build/libdaisy.a(stm32h7xx_hal_sai.o)
                0x000000000800daec                HAL_SAI_ErrorCallback
 .text.SAI_DMAError
                0x000000000800daf0       0x6c ../DaisyExamples/libDaisy//build/libdaisy.a(stm32h7xx_hal_sai.o)
 .text.HAL_SDRAM_Init
                0x000000000800db5c       0x54 ../DaisyExamples/libDaisy//build/libdaisy.a(stm32h7xx_hal_sdram.o)
                0x000000000800db5c                HAL_SDRAM_Init
 .text.HAL_SDRAM_SendCommand
                0x000000000800dbb0       0x40 ../DaisyExamples/libDaisy//build/libdaisy.a(stm32h7xx_hal_sdram.o)
                0x000000000800dbb0                HAL_SDRAM_SendCommand
 .text.HAL_SDRAM_ProgramRefreshRate
                0x000000000800dbf0       0x30 ../DaisyExamples/libDaisy//build/libdaisy.a(stm32h7xx_hal_sdram.o)
                0x000000000800dbf0                HAL_SDRAM_ProgramRefreshRate
 .text.HAL_UART_Transmit_DMA
                0x000000000800dc20       0xa4 ../DaisyExamples/libDaisy//build/libdaisy.a(stm32h7xx_hal_uart.o)
                0x000000000800dc20                HAL_UART_Transmit_DMA
 .text.HAL_UART_Receive_DMA
                0x000000000800dcc4       0xac ../DaisyExamples/libDaisy//build/libdaisy.a(stm32h7xx_hal_uart.o)
                0x000000000800dcc4                HAL_UART_Receive_DMA
 .text.UART_DMATransmitCplt
                0x000000000800dd70       0x2c ../DaisyExamples/libDaisy//build/libdaisy.a(stm32h7xx_hal_uart.o)
 .text.HAL_UART_TxHalfCpltCallback
                0x000000000800dd9c        0x4 ../DaisyExamples/libDaisy//build/libdaisy.a(stm32h7xx_hal_uart.o)
                0x000000000800dd9c                HAL_UART_TxHalfCpltCallback
 .text.UART_DMATxHalfCplt
                0x000000000800dda0        0xc ../DaisyExamples/libDaisy//build/libdaisy.a(stm32h7xx_hal_uart.o)
 .text.UART_DMAReceiveCplt
                0x000000000800ddac       0x38 ../DaisyExamples/libDaisy//build/libdaisy.a(stm32h7xx_hal_uart.o)
 .text.UART_DMARxHalfCplt
                0x000000000800dde4        0xc ../DaisyExamples/libDaisy//build/libdaisy.a(stm32h7xx_hal_uart.o)
 .text.UART_DMAError
                0x000000000800ddf0       0x78 ../DaisyExamples/libDaisy//build/libdaisy.a(stm32h7xx_hal_uart.o)
 .text.HAL_UART_IRQHandler
                0x000000000800de68      0x1d0 ../DaisyExamples/libDaisy//build/libdaisy.a(stm32h7xx_hal_uart.o)
                0x000000000800de68                HAL_UART_IRQHandler
 .text.UART_DMAAbortOnError
                0x000000000800e038       0x14 ../DaisyExamples/libDaisy//build/libdaisy.a(stm32h7xx_hal_uart.o)
 .text.HAL_UART_GetState
                0x000000000800e04c        0xc ../DaisyExamples/libDaisy//build/libdaisy.a(stm32h7xx_hal_uart.o)
                0x000000000800e04c                HAL_UART_GetState
 .text.UART_SetConfig
                0x000000000800e058     0x14b8 ../DaisyExamples/libDaisy//build/libdaisy.a(stm32h7xx_hal_uart.o)
                0x000000000800e058                UART_SetConfig
 .text.UART_AdvFeatureConfig
                0x000000000800f510       0xb0 ../DaisyExamples/libDaisy//build/libdaisy.a(stm32h7xx_hal_uart.o)
                0x000000000800f510                UART_AdvFeatureConfig
 .text.UART_CheckIdleState
                0x000000000800f5c0       0x84 ../DaisyExamples/libDaisy//build/libdaisy.a(stm32h7xx_hal_uart.o)
                0x000000000800f5c0                UART_CheckIdleState
 .text.HAL_UART_Init
                0x000000000800f644       0x68 ../DaisyExamples/libDaisy//build/libdaisy.a(stm32h7xx_hal_uart.o)
                0x000000000800f644                HAL_UART_Init
 .text.HAL_UARTEx_WakeupCallback
                0x000000000800f6ac        0x4 ../DaisyExamples/libDaisy//build/libdaisy.a(stm32h7xx_hal_uart_ex.o)
                0x000000000800f6ac                HAL_UARTEx_WakeupCallback
 .text.HAL_UARTEx_RxFifoFullCallback
                0x000000000800f6b0        0x4 ../DaisyExamples/libDaisy//build/libdaisy.a(stm32h7xx_hal_uart_ex.o)
                0x000000000800f6b0                HAL_UARTEx_RxFifoFullCallback
 .text.HAL_UARTEx_TxFifoEmptyCallback
                0x000000000800f6b4        0x4 ../DaisyExamples/libDaisy//build/libdaisy.a(stm32h7xx_hal_uart_ex.o)
                0x000000000800f6b4                HAL_UARTEx_TxFifoEmptyCallback
 .text.HAL_UARTEx_DisableFifoMode
                0x000000000800f6b8       0x3c ../DaisyExamples/libDaisy//build/libdaisy.a(stm32h7xx_hal_uart_ex.o)
                0x000000000800f6b8                HAL_UARTEx_DisableFifoMode
 .text.HAL_UARTEx_SetTxFifoThreshold
                0x000000000800f6f4       0x9c ../DaisyExamples/libDaisy//build/libdaisy.a(stm32h7xx_hal_uart_ex.o)
                0x000000000800f6f4                HAL_UARTEx_SetTxFifoThreshold
 .text.HAL_UARTEx_SetRxFifoThreshold
                0x000000000800f790       0x9c ../DaisyExamples/libDaisy//build/libdaisy.a(stm32h7xx_hal_uart_ex.o)
                0x000000000800f790                HAL_UARTEx_SetRxFifoThreshold
 .text.FMC_SDRAM_Init
                0x000000000800f82c       0x7c ../DaisyExamples/libDaisy//build/libdaisy.a(stm32h7xx_ll_fmc.o)
                0x000000000800f82c                FMC_SDRAM_Init
 .text.FMC_SDRAM_Timing_Init
                0x000000000800f8a8       0x98 ../DaisyExamples/libDaisy//build/libdaisy.a(stm32h7xx_ll_fmc.o)
                0x000000000800f8a8                FMC_SDRAM_Timing_Init
 .text.FMC_SDRAM_SendCommand
                0x000000000800f940       0x28 ../DaisyExamples/libDaisy//build/libdaisy.a(stm32h7xx_ll_fmc.o)
                0x000000000800f940                FMC_SDRAM_SendCommand
 .text.FMC_SDRAM_ProgramRefreshRate
                0x000000000800f968       0x1c ../DaisyExamples/libDaisy//build/libdaisy.a(stm32h7xx_ll_fmc.o)
                0x000000000800f968                FMC_SDRAM_ProgramRefreshRate
 .text.USB_CoreInit
                0x000000000800f984      0x124 ../DaisyExamples/libDaisy//build/libdaisy.a(stm32h7xx_ll_usb.o)
                0x000000000800f984                USB_CoreInit
 .text.USB_SetTurnaroundTime
                0x000000000800faa8      0x104 ../DaisyExamples/libDaisy//build/libdaisy.a(stm32h7xx_ll_usb.o)
                0x000000000800faa8                USB_SetTurnaroundTime
 .text.USB_EnableGlobalInt
                0x000000000800fbac       0x10 ../DaisyExamples/libDaisy//build/libdaisy.a(stm32h7xx_ll_usb.o)
                0x000000000800fbac                USB_EnableGlobalInt
 .text.USB_DisableGlobalInt
                0x000000000800fbbc       0x10 ../DaisyExamples/libDaisy//build/libdaisy.a(stm32h7xx_ll_usb.o)
                0x000000000800fbbc                USB_DisableGlobalInt
 .text.USB_SetCurrentMode
                0x000000000800fbcc       0x30 ../DaisyExamples/libDaisy//build/libdaisy.a(stm32h7xx_ll_usb.o)
                0x000000000800fbcc                USB_SetCurrentMode
 .text.USB_DevInit
                0x000000000800fbfc      0x20c ../DaisyExamples/libDaisy//build/libdaisy.a(stm32h7xx_ll_usb.o)
                0x000000000800fbfc                USB_DevInit
 .text.USB_FlushTxFifo
                0x000000000800fe08       0x34 ../DaisyExamples/libDaisy//build/libdaisy.a(stm32h7xx_ll_usb.o)
                0x000000000800fe08                USB_FlushTxFifo
 .text.USB_GetDevSpeed
                0x000000000800fe3c       0x24 ../DaisyExamples/libDaisy//build/libdaisy.a(stm32h7xx_ll_usb.o)
                0x000000000800fe3c                USB_GetDevSpeed
 .text.USB_ActivateEndpoint
                0x000000000800fe60       0x90 ../DaisyExamples/libDaisy//build/libdaisy.a(stm32h7xx_ll_usb.o)
                0x000000000800fe60                USB_ActivateEndpoint
 .text.USB_DeactivateEndpoint
                0x000000000800fef0       0x84 ../DaisyExamples/libDaisy//build/libdaisy.a(stm32h7xx_ll_usb.o)
                0x000000000800fef0                USB_DeactivateEndpoint
 .text.USB_EPStartXfer
                0x000000000800ff74      0x230 ../DaisyExamples/libDaisy//build/libdaisy.a(stm32h7xx_ll_usb.o)
                0x000000000800ff74                USB_EPStartXfer
 .text.USB_EP0StartXfer
                0x00000000080101a4      0x174 ../DaisyExamples/libDaisy//build/libdaisy.a(stm32h7xx_ll_usb.o)
                0x00000000080101a4                USB_EP0StartXfer
 .text.USB_WritePacket
                0x0000000008010318       0x2c ../DaisyExamples/libDaisy//build/libdaisy.a(stm32h7xx_ll_usb.o)
                0x0000000008010318                USB_WritePacket
 .text.USB_ReadPacket
                0x0000000008010344       0x20 ../DaisyExamples/libDaisy//build/libdaisy.a(stm32h7xx_ll_usb.o)
                0x0000000008010344                USB_ReadPacket
 .text.USB_EPSetStall